Archive member included because of file (symbol)

../counter_bsp/\libhal_bsp.a(alt_load.o)
                              ../counter_bsp//obj/HAL/src/crt0.o (alt_load)
../counter_bsp/\libhal_bsp.a(alt_main.o)
                              ../counter_bsp//obj/HAL/src/crt0.o (alt_main)
../counter_bsp/\libhal_bsp.a(alt_usleep.o)
                              obj/default/counter.o (usleep)
../counter_bsp/\libhal_bsp.a(alt_sys_init.o)
                              ../counter_bsp/\libhal_bsp.a(alt_main.o) (alt_irq_init)
../counter_bsp/\libhal_bsp.a(altera_avalon_jtag_uart_fd.o)
                              ../counter_bsp/\libhal_bsp.a(alt_sys_init.o) (altera_avalon_jtag_uart_read_fd)
../counter_bsp/\libhal_bsp.a(altera_avalon_jtag_uart_init.o)
                              ../counter_bsp/\libhal_bsp.a(alt_sys_init.o) (altera_avalon_jtag_uart_init)
../counter_bsp/\libhal_bsp.a(altera_avalon_jtag_uart_ioctl.o)
                              ../counter_bsp/\libhal_bsp.a(altera_avalon_jtag_uart_fd.o) (altera_avalon_jtag_uart_ioctl)
../counter_bsp/\libhal_bsp.a(altera_avalon_jtag_uart_read.o)
                              ../counter_bsp/\libhal_bsp.a(altera_avalon_jtag_uart_fd.o) (altera_avalon_jtag_uart_read)
../counter_bsp/\libhal_bsp.a(altera_avalon_jtag_uart_write.o)
                              ../counter_bsp/\libhal_bsp.a(altera_avalon_jtag_uart_fd.o) (altera_avalon_jtag_uart_write)
../counter_bsp/\libhal_bsp.a(altera_avalon_timer_sc.o)
                              ../counter_bsp/\libhal_bsp.a(alt_sys_init.o) (alt_avalon_timer_sc_init)
../counter_bsp/\libhal_bsp.a(alt_alarm_start.o)
                              ../counter_bsp/\libhal_bsp.a(altera_avalon_jtag_uart_init.o) (alt_alarm_start)
../counter_bsp/\libhal_bsp.a(alt_busy_sleep.o)
                              ../counter_bsp/\libhal_bsp.a(alt_usleep.o) (alt_busy_sleep)
../counter_bsp/\libhal_bsp.a(alt_close.o)
                              ../counter_bsp/\libhal_bsp.a(alt_main.o) (close)
../counter_bsp/\libhal_bsp.a(alt_dcache_flush_all.o)
                              ../counter_bsp/\libhal_bsp.a(alt_load.o) (alt_dcache_flush_all)
../counter_bsp/\libhal_bsp.a(alt_dev.o)
                              ../counter_bsp/\libhal_bsp.a(alt_sys_init.o) (alt_dev_list)
../counter_bsp/\libhal_bsp.a(alt_dev_llist_insert.o)
                              ../counter_bsp/\libhal_bsp.a(alt_sys_init.o) (alt_dev_llist_insert)
../counter_bsp/\libhal_bsp.a(alt_do_ctors.o)
                              ../counter_bsp/\libhal_bsp.a(alt_main.o) (_do_ctors)
../counter_bsp/\libhal_bsp.a(alt_do_dtors.o)
                              ../counter_bsp/\libhal_bsp.a(alt_main.o) (_do_dtors)
../counter_bsp/\libhal_bsp.a(alt_errno.o)
                              ../counter_bsp/\libhal_bsp.a(alt_close.o) (alt_errno)
../counter_bsp/\libhal_bsp.a(alt_icache_flush_all.o)
                              ../counter_bsp/\libhal_bsp.a(alt_load.o) (alt_icache_flush_all)
../counter_bsp/\libhal_bsp.a(alt_iic.o)
                              ../counter_bsp/\libhal_bsp.a(altera_avalon_jtag_uart_init.o) (alt_ic_isr_register)
../counter_bsp/\libhal_bsp.a(alt_iic_isr_register.o)
                              ../counter_bsp/\libhal_bsp.a(alt_iic.o) (alt_iic_isr_register)
../counter_bsp/\libhal_bsp.a(alt_io_redirect.o)
                              ../counter_bsp/\libhal_bsp.a(alt_main.o) (alt_io_redirect)
../counter_bsp/\libhal_bsp.a(alt_irq_entry.o)
                              ../counter_bsp/\libhal_bsp.a(alt_iic_isr_register.o) (alt_irq_entry)
../counter_bsp/\libhal_bsp.a(alt_irq_handler.o)
                              ../counter_bsp/\libhal_bsp.a(alt_iic_isr_register.o) (alt_irq_handler)
../counter_bsp/\libhal_bsp.a(alt_irq_vars.o)
                              ../counter_bsp/\libhal_bsp.a(alt_iic.o) (alt_irq_active)
../counter_bsp/\libhal_bsp.a(alt_open.o)
                              ../counter_bsp/\libhal_bsp.a(alt_io_redirect.o) (open)
../counter_bsp/\libhal_bsp.a(alt_release_fd.o)
                              ../counter_bsp/\libhal_bsp.a(alt_close.o) (alt_release_fd)
../counter_bsp/\libhal_bsp.a(alt_tick.o)
                              ../counter_bsp/\libhal_bsp.a(altera_avalon_jtag_uart_init.o) (_alt_tick_rate)
../counter_bsp/\libhal_bsp.a(altera_nios2_qsys_irq.o)
                              ../counter_bsp/\libhal_bsp.a(alt_sys_init.o) (altera_nios2_qsys_irq_init)
../counter_bsp/\libhal_bsp.a(alt_exception_entry.o)
                              ../counter_bsp/\libhal_bsp.a(alt_irq_entry.o) (alt_exception)
../counter_bsp/\libhal_bsp.a(alt_find_dev.o)
                              ../counter_bsp/\libhal_bsp.a(alt_open.o) (alt_find_dev)
../counter_bsp/\libhal_bsp.a(alt_find_file.o)
                              ../counter_bsp/\libhal_bsp.a(alt_open.o) (alt_find_file)
../counter_bsp/\libhal_bsp.a(alt_get_fd.o)
                              ../counter_bsp/\libhal_bsp.a(alt_open.o) (alt_get_fd)
../counter_bsp/\libhal_bsp.a(alt_icache_flush.o)
                              ../counter_bsp/\libhal_bsp.a(alt_icache_flush_all.o) (alt_icache_flush)
d:/altera/12.1/nios2eds/bin/gnu/h-i686-mingw32/bin/../lib/gcc/nios2-elf/4.1.2/../../../../nios2-elf/lib/mno-hw-mul\libc.a(lib_a-atexit.o)
                              ../counter_bsp/\libhal_bsp.a(alt_main.o) (atexit)
d:/altera/12.1/nios2eds/bin/gnu/h-i686-mingw32/bin/../lib/gcc/nios2-elf/4.1.2/../../../../nios2-elf/lib/mno-hw-mul\libc.a(lib_a-exit.o)
                              ../counter_bsp/\libhal_bsp.a(alt_main.o) (exit)
d:/altera/12.1/nios2eds/bin/gnu/h-i686-mingw32/bin/../lib/gcc/nios2-elf/4.1.2/../../../../nios2-elf/lib/mno-hw-mul\libc.a(lib_a-impure.o)
                              d:/altera/12.1/nios2eds/bin/gnu/h-i686-mingw32/bin/../lib/gcc/nios2-elf/4.1.2/../../../../nios2-elf/lib/mno-hw-mul\libc.a(lib_a-exit.o) (_global_impure_ptr)
d:/altera/12.1/nios2eds/bin/gnu/h-i686-mingw32/bin/../lib/gcc/nios2-elf/4.1.2/../../../../nios2-elf/lib/mno-hw-mul\libc.a(lib_a-int_errno.o)
                              ../counter_bsp/\libhal_bsp.a(alt_close.o) (errno)
d:/altera/12.1/nios2eds/bin/gnu/h-i686-mingw32/bin/../lib/gcc/nios2-elf/4.1.2/../../../../nios2-elf/lib/mno-hw-mul\libc.a(lib_a-memcmp.o)
                              ../counter_bsp/\libhal_bsp.a(alt_find_dev.o) (memcmp)
d:/altera/12.1/nios2eds/bin/gnu/h-i686-mingw32/bin/../lib/gcc/nios2-elf/4.1.2/../../../../nios2-elf/lib/mno-hw-mul\libc.a(lib_a-memcpy.o)
                              ../counter_bsp/\libhal_bsp.a(altera_avalon_jtag_uart_read.o) (memcpy)
d:/altera/12.1/nios2eds/bin/gnu/h-i686-mingw32/bin/../lib/gcc/nios2-elf/4.1.2/../../../../nios2-elf/lib/mno-hw-mul\libc.a(lib_a-strlen.o)
                              ../counter_bsp/\libhal_bsp.a(alt_find_dev.o) (strlen)
d:/altera/12.1/nios2eds/bin/gnu/h-i686-mingw32/bin/../lib/gcc/nios2-elf/4.1.2/../../../../nios2-elf/lib/mno-hw-mul\libc.a(lib_a-__atexit.o)
                              d:/altera/12.1/nios2eds/bin/gnu/h-i686-mingw32/bin/../lib/gcc/nios2-elf/4.1.2/../../../../nios2-elf/lib/mno-hw-mul\libc.a(lib_a-atexit.o) (__register_exitproc)
d:/altera/12.1/nios2eds/bin/gnu/h-i686-mingw32/bin/../lib/gcc/nios2-elf/4.1.2/../../../../nios2-elf/lib/mno-hw-mul\libc.a(lib_a-__call_atexit.o)
                              d:/altera/12.1/nios2eds/bin/gnu/h-i686-mingw32/bin/../lib/gcc/nios2-elf/4.1.2/../../../../nios2-elf/lib/mno-hw-mul\libc.a(lib_a-exit.o) (__call_exitprocs)
d:/altera/12.1/nios2eds/bin/gnu/h-i686-mingw32/bin/../lib/gcc/nios2-elf/4.1.2/mno-hw-mul\libgcc.a(lib2-divmod.o)
                              ../counter_bsp/\libhal_bsp.a(alt_busy_sleep.o) (__udivsi3)
d:/altera/12.1/nios2eds/bin/gnu/h-i686-mingw32/bin/../lib/gcc/nios2-elf/4.1.2/mno-hw-mul\libgcc.a(lib2-mul.o)
                              ../counter_bsp/\libhal_bsp.a(alt_busy_sleep.o) (__mulsi3)
../counter_bsp/\libhal_bsp.a(alt_exit.o)
                              d:/altera/12.1/nios2eds/bin/gnu/h-i686-mingw32/bin/../lib/gcc/nios2-elf/4.1.2/../../../../nios2-elf/lib/mno-hw-mul\libc.a(lib_a-exit.o) (_exit)

Allocating common symbols
Common symbol       size              file

alt_irq             0x100             ../counter_bsp/\libhal_bsp.a(alt_irq_handler.o)
errno               0x4               d:/altera/12.1/nios2eds/bin/gnu/h-i686-mingw32/bin/../lib/gcc/nios2-elf/4.1.2/../../../../nios2-elf/lib/mno-hw-mul\libc.a(lib_a-int_errno.o)
_atexit0            0x190             d:/altera/12.1/nios2eds/bin/gnu/h-i686-mingw32/bin/../lib/gcc/nios2-elf/4.1.2/../../../../nios2-elf/lib/mno-hw-mul\libc.a(lib_a-atexit.o)

Memory Configuration

Name             Origin             Length             Attributes
reset            0x00040000         0x00000020
onchip_mem       0x00040020         0x0003ffe0
*default*        0x00000000         0xffffffff

Linker script and memory map

LOAD ../counter_bsp//obj/HAL/src/crt0.o
LOAD obj/default/counter.o
LOAD d:/altera/12.1/nios2eds/bin/gnu/h-i686-mingw32/bin/../lib/gcc/nios2-elf/4.1.2/../../../../nios2-elf/lib/mno-hw-mul\libstdc++.a
LOAD d:/altera/12.1/nios2eds/bin/gnu/h-i686-mingw32/bin/../lib/gcc/nios2-elf/4.1.2/../../../../nios2-elf/lib/mno-hw-mul\libm.a
LOAD d:/altera/12.1/nios2eds/bin/gnu/h-i686-mingw32/bin/../lib/gcc/nios2-elf/4.1.2/mno-hw-mul\libgcc.a
START GROUP
LOAD d:/altera/12.1/nios2eds/bin/gnu/h-i686-mingw32/bin/../lib/gcc/nios2-elf/4.1.2/../../../../nios2-elf/lib/mno-hw-mul\libc.a
LOAD d:/altera/12.1/nios2eds/bin/gnu/h-i686-mingw32/bin/../lib/gcc/nios2-elf/4.1.2/mno-hw-mul\libgcc.a
LOAD ../counter_bsp/\libhal_bsp.a
END GROUP
LOAD d:/altera/12.1/nios2eds/bin/gnu/h-i686-mingw32/bin/../lib/gcc/nios2-elf/4.1.2/mno-hw-mul\libgcc.a
                0x00040000                __alt_mem_onchip_mem = 0x40000

.entry          0x00040000       0x20
 *(.entry)
 .entry         0x00040000       0x20 ../counter_bsp//obj/HAL/src/crt0.o
                0x00040000                __reset

.exceptions     0x00040020      0x194
                0x00040020                PROVIDE (__ram_exceptions_start, ABSOLUTE (.))
                0x00040020                . = ALIGN (0x20)
 *(.irq)
 *(.exceptions.entry.label)
 .exceptions.entry.label
                0x00040020        0x0 ../counter_bsp/\libhal_bsp.a(alt_irq_entry.o)
                0x00040020                alt_irq_entry
 .exceptions.entry.label
                0x00040020        0x0 ../counter_bsp/\libhal_bsp.a(alt_exception_entry.o)
                0x00040020                alt_exception
 *(.exceptions.entry.user)
 *(.exceptions.entry)
 .exceptions.entry
                0x00040020       0x54 ../counter_bsp/\libhal_bsp.a(alt_exception_entry.o)
 *(.exceptions.irqtest.user)
 *(.exceptions.irqtest)
 .exceptions.irqtest
                0x00040074       0x10 ../counter_bsp/\libhal_bsp.a(alt_irq_entry.o)
 *(.exceptions.irqhandler.user)
 *(.exceptions.irqhandler)
 .exceptions.irqhandler
                0x00040084        0x4 ../counter_bsp/\libhal_bsp.a(alt_irq_entry.o)
 *(.exceptions.irqreturn.user)
 *(.exceptions.irqreturn)
 .exceptions.irqreturn
                0x00040088        0x4 ../counter_bsp/\libhal_bsp.a(alt_irq_entry.o)
 *(.exceptions.notirq.label)
 .exceptions.notirq.label
                0x0004008c        0x0 ../counter_bsp/\libhal_bsp.a(alt_irq_entry.o)
 *(.exceptions.notirq.user)
 *(.exceptions.notirq)
 .exceptions.notirq
                0x0004008c        0x8 ../counter_bsp/\libhal_bsp.a(alt_exception_entry.o)
 *(.exceptions.soft.user)
 *(.exceptions.soft)
 *(.exceptions.unknown.user)
 *(.exceptions.unknown)
 .exceptions.unknown
                0x00040094        0x4 ../counter_bsp/\libhal_bsp.a(alt_exception_entry.o)
 *(.exceptions.exit.label)
 .exceptions.exit.label
                0x00040098        0x0 ../counter_bsp/\libhal_bsp.a(alt_irq_entry.o)
 .exceptions.exit.label
                0x00040098        0x0 ../counter_bsp/\libhal_bsp.a(alt_exception_entry.o)
 *(.exceptions.exit.user)
 *(.exceptions.exit)
 .exceptions.exit
                0x00040098       0x54 ../counter_bsp/\libhal_bsp.a(alt_exception_entry.o)
 *(.exceptions)
 .exceptions    0x000400ec       0xc8 ../counter_bsp/\libhal_bsp.a(alt_irq_handler.o)
                0x000400ec                alt_irq_handler
                0x000401b4                PROVIDE (__ram_exceptions_end, ABSOLUTE (.))
                0x00040020                PROVIDE (__flash_exceptions_start, LOADADDR (.exceptions))

.text           0x000401b4     0x27f4
                0x000401b4                PROVIDE (stext, ABSOLUTE (.))
 *(.interp)
 *(.hash)
 *(.dynsym)
 *(.dynstr)
 *(.gnu.version)
 *(.gnu.version_d)
 *(.gnu.version_r)
 *(.rel.init)
 *(.rela.init)
 *(.rel.text .rel.text.* .rel.gnu.linkonce.t.*)
 *(.rela.text .rela.text.* .rela.gnu.linkonce.t.*)
 *(.rel.fini)
 *(.rela.fini)
 *(.rel.rodata .rel.rodata.* .rel.gnu.linkonce.r.*)
 *(.rela.rodata .rela.rodata.* .rela.gnu.linkonce.r.*)
 *(.rel.data .rel.data.* .rel.gnu.linkonce.d.*)
 *(.rela.data .rela.data.* .rela.gnu.linkonce.d.*)
 *(.rel.tdata .rel.tdata.* .rel.gnu.linkonce.td.*)
 *(.rela.tdata .rela.tdata.* .rela.gnu.linkonce.td.*)
 *(.rel.tbss .rel.tbss.* .rel.gnu.linkonce.tb.*)
 *(.rela.tbss .rela.tbss.* .rela.gnu.linkonce.tb.*)
 *(.rel.ctors)
 *(.rela.ctors)
 *(.rel.dtors)
 *(.rela.dtors)
 *(.rel.got)
 *(.rela.got)
 *(.rel.sdata .rel.sdata.* .rel.gnu.linkonce.s.*)
 *(.rela.sdata .rela.sdata.* .rela.gnu.linkonce.s.*)
 *(.rel.sbss .rel.sbss.* .rel.gnu.linkonce.sb.*)
 *(.rela.sbss .rela.sbss.* .rela.gnu.linkonce.sb.*)
 *(.rel.sdata2 .rel.sdata2.* .rel.gnu.linkonce.s2.*)
 *(.rela.sdata2 .rela.sdata2.* .rela.gnu.linkonce.s2.*)
 *(.rel.sbss2 .rel.sbss2.* .rel.gnu.linkonce.sb2.*)
 *(.rela.sbss2 .rela.sbss2.* .rela.gnu.linkonce.sb2.*)
 *(.rel.bss .rel.bss.* .rel.gnu.linkonce.b.*)
 *(.rela.bss .rela.bss.* .rela.gnu.linkonce.b.*)
 *(.rel.plt)
 *(.rela.plt)
 *(.rel.dyn)
 *(.init)
 *(.plt)
 *(.text .stub .text.* .gnu.linkonce.t.*)
 .text          0x000401b4       0x3c ../counter_bsp//obj/HAL/src/crt0.o
                0x000401b4                _start
 .text          0x000401f0       0x64 obj/default/counter.o
                0x000401f0                main
 .text          0x00040254       0xec ../counter_bsp/\libhal_bsp.a(alt_load.o)
                0x00040254                alt_load
 .text          0x00040340       0x6c ../counter_bsp/\libhal_bsp.a(alt_main.o)
                0x00040340                alt_main
 .text          0x000403ac       0x30 ../counter_bsp/\libhal_bsp.a(alt_usleep.o)
                0x000403ac                usleep
 .text          0x000403dc       0xc8 ../counter_bsp/\libhal_bsp.a(alt_sys_init.o)
                0x000403dc                alt_irq_init
                0x00040410                alt_sys_init
 .text          0x000404a4      0x148 ../counter_bsp/\libhal_bsp.a(altera_avalon_jtag_uart_fd.o)
                0x000404a4                altera_avalon_jtag_uart_read_fd
                0x000404fc                altera_avalon_jtag_uart_write_fd
                0x00040554                altera_avalon_jtag_uart_close_fd
                0x0004059c                altera_avalon_jtag_uart_ioctl_fd
 .text          0x000405ec      0x40c ../counter_bsp/\libhal_bsp.a(altera_avalon_jtag_uart_init.o)
                0x000405ec                altera_avalon_jtag_uart_init
                0x00040984                altera_avalon_jtag_uart_close
 .text          0x000409f8       0xf4 ../counter_bsp/\libhal_bsp.a(altera_avalon_jtag_uart_ioctl.o)
                0x000409f8                altera_avalon_jtag_uart_ioctl
 .text          0x00040aec      0x224 ../counter_bsp/\libhal_bsp.a(altera_avalon_jtag_uart_read.o)
                0x00040aec                altera_avalon_jtag_uart_read
 .text          0x00040d10      0x240 ../counter_bsp/\libhal_bsp.a(altera_avalon_jtag_uart_write.o)
                0x00040d10                altera_avalon_jtag_uart_write
 .text          0x00040f50      0x100 ../counter_bsp/\libhal_bsp.a(altera_avalon_timer_sc.o)
                0x00040fc0                alt_avalon_timer_sc_init
 .text          0x00041050      0x154 ../counter_bsp/\libhal_bsp.a(alt_alarm_start.o)
                0x00041050                alt_alarm_start
 .text          0x000411a4      0x15c ../counter_bsp/\libhal_bsp.a(alt_busy_sleep.o)
                0x000411a4                alt_busy_sleep
 .text          0x00041300      0x160 ../counter_bsp/\libhal_bsp.a(alt_close.o)
                0x00041300                close
 .text          0x00041460       0x1c ../counter_bsp/\libhal_bsp.a(alt_dcache_flush_all.o)
                0x00041460                alt_dcache_flush_all
 .text          0x0004147c       0x2c ../counter_bsp/\libhal_bsp.a(alt_dev.o)
 .text          0x000414a8      0x114 ../counter_bsp/\libhal_bsp.a(alt_dev_llist_insert.o)
                0x000414a8                alt_dev_llist_insert
 .text          0x000415bc       0x64 ../counter_bsp/\libhal_bsp.a(alt_do_ctors.o)
                0x000415bc                _do_ctors
 .text          0x00041620       0x64 ../counter_bsp/\libhal_bsp.a(alt_do_dtors.o)
                0x00041620                _do_dtors
 .text          0x00041684        0x0 ../counter_bsp/\libhal_bsp.a(alt_errno.o)
 .text          0x00041684       0x30 ../counter_bsp/\libhal_bsp.a(alt_icache_flush_all.o)
                0x00041684                alt_icache_flush_all
 .text          0x000416b4      0x1d4 ../counter_bsp/\libhal_bsp.a(alt_iic.o)
                0x000416b4                alt_ic_isr_register
                0x00041704                alt_ic_irq_enable
                0x000417a0                alt_ic_irq_disable
                0x00041840                alt_ic_irq_enabled
 .text          0x00041888       0xf8 ../counter_bsp/\libhal_bsp.a(alt_iic_isr_register.o)
                0x00041888                alt_iic_isr_register
 .text          0x00041980      0x150 ../counter_bsp/\libhal_bsp.a(alt_io_redirect.o)
                0x00041a58                alt_io_redirect
 .text          0x00041ad0        0x0 ../counter_bsp/\libhal_bsp.a(alt_irq_entry.o)
 .text          0x00041ad0        0x0 ../counter_bsp/\libhal_bsp.a(alt_irq_handler.o)
 .text          0x00041ad0        0x0 ../counter_bsp/\libhal_bsp.a(alt_irq_vars.o)
 .text          0x00041ad0      0x2e4 ../counter_bsp/\libhal_bsp.a(alt_open.o)
                0x00041bc8                open
 .text          0x00041db4       0x78 ../counter_bsp/\libhal_bsp.a(alt_release_fd.o)
                0x00041db4                alt_release_fd
 .text          0x00041e2c      0x1a4 ../counter_bsp/\libhal_bsp.a(alt_tick.o)
                0x00041e2c                alt_alarm_stop
                0x00041ec4                alt_tick
 .text          0x00041fd0       0x20 ../counter_bsp/\libhal_bsp.a(altera_nios2_qsys_irq.o)
                0x00041fd0                altera_nios2_qsys_irq_init
 .text          0x00041ff0        0x0 ../counter_bsp/\libhal_bsp.a(alt_exception_entry.o)
 .text          0x00041ff0       0x94 ../counter_bsp/\libhal_bsp.a(alt_find_dev.o)
                0x00041ff0                alt_find_dev
 .text          0x00042084      0x120 ../counter_bsp/\libhal_bsp.a(alt_find_file.o)
                0x00042084                alt_find_file
 .text          0x000421a4       0xd0 ../counter_bsp/\libhal_bsp.a(alt_get_fd.o)
                0x000421a4                alt_get_fd
 .text          0x00042274       0x90 ../counter_bsp/\libhal_bsp.a(alt_icache_flush.o)
                0x00042274                alt_icache_flush
 .text          0x00042304       0x14 d:/altera/12.1/nios2eds/bin/gnu/h-i686-mingw32/bin/../lib/gcc/nios2-elf/4.1.2/../../../../nios2-elf/lib/mno-hw-mul\libc.a(lib_a-atexit.o)
                0x00042304                atexit
 .text          0x00042318       0x38 d:/altera/12.1/nios2eds/bin/gnu/h-i686-mingw32/bin/../lib/gcc/nios2-elf/4.1.2/../../../../nios2-elf/lib/mno-hw-mul\libc.a(lib_a-exit.o)
                0x00042318                exit
 .text          0x00042350        0x0 d:/altera/12.1/nios2eds/bin/gnu/h-i686-mingw32/bin/../lib/gcc/nios2-elf/4.1.2/../../../../nios2-elf/lib/mno-hw-mul\libc.a(lib_a-impure.o)
 .text          0x00042350        0x0 d:/altera/12.1/nios2eds/bin/gnu/h-i686-mingw32/bin/../lib/gcc/nios2-elf/4.1.2/../../../../nios2-elf/lib/mno-hw-mul\libc.a(lib_a-int_errno.o)
 .text          0x00042350       0x74 d:/altera/12.1/nios2eds/bin/gnu/h-i686-mingw32/bin/../lib/gcc/nios2-elf/4.1.2/../../../../nios2-elf/lib/mno-hw-mul\libc.a(lib_a-memcmp.o)
                0x00042350                memcmp
 .text          0x000423c4       0xa0 d:/altera/12.1/nios2eds/bin/gnu/h-i686-mingw32/bin/../lib/gcc/nios2-elf/4.1.2/../../../../nios2-elf/lib/mno-hw-mul\libc.a(lib_a-memcpy.o)
                0x000423c4                memcpy
 .text          0x00042464       0x74 d:/altera/12.1/nios2eds/bin/gnu/h-i686-mingw32/bin/../lib/gcc/nios2-elf/4.1.2/../../../../nios2-elf/lib/mno-hw-mul\libc.a(lib_a-strlen.o)
                0x00042464                strlen
 .text          0x000424d8      0x134 d:/altera/12.1/nios2eds/bin/gnu/h-i686-mingw32/bin/../lib/gcc/nios2-elf/4.1.2/../../../../nios2-elf/lib/mno-hw-mul\libc.a(lib_a-__atexit.o)
                0x000424d8                __register_exitproc
 .text          0x0004260c      0x1b4 d:/altera/12.1/nios2eds/bin/gnu/h-i686-mingw32/bin/../lib/gcc/nios2-elf/4.1.2/../../../../nios2-elf/lib/mno-hw-mul\libc.a(lib_a-__call_atexit.o)
                0x00042610                __call_exitprocs
 .text          0x000427c0      0x14c d:/altera/12.1/nios2eds/bin/gnu/h-i686-mingw32/bin/../lib/gcc/nios2-elf/4.1.2/mno-hw-mul\libgcc.a(lib2-divmod.o)
                0x0004283c                __divsi3
                0x0004289c                __modsi3
                0x000428fc                __udivsi3
                0x00042904                __umodsi3
 .text          0x0004290c       0x38 d:/altera/12.1/nios2eds/bin/gnu/h-i686-mingw32/bin/../lib/gcc/nios2-elf/4.1.2/mno-hw-mul\libgcc.a(lib2-mul.o)
                0x0004290c                __mulsi3
 .text          0x00042944       0x60 ../counter_bsp/\libhal_bsp.a(alt_exit.o)
                0x00042984                _exit
 *(.gnu.warning.*)
 *(.fini)
                0x000429a4                PROVIDE (__etext, ABSOLUTE (.))
                0x000429a4                PROVIDE (_etext, ABSOLUTE (.))
                0x000429a4                PROVIDE (etext, ABSOLUTE (.))
 *(.eh_frame_hdr)
                0x000429a4                . = ALIGN (0x4)
                0x000429a4                PROVIDE (__preinit_array_start, ABSOLUTE (.))
 *(.preinit_array)
                0x000429a4                PROVIDE (__preinit_array_end, ABSOLUTE (.))
                0x000429a4                PROVIDE (__init_array_start, ABSOLUTE (.))
 *(.init_array)
                0x000429a4                PROVIDE (__init_array_end, ABSOLUTE (.))
                0x000429a4                PROVIDE (__fini_array_start, ABSOLUTE (.))
 *(.fini_array)
                0x000429a4                PROVIDE (__fini_array_end, ABSOLUTE (.))
 *(.eh_frame)
 *(.gcc_except_table)
 *(.dynamic)
                0x000429a4                PROVIDE (__CTOR_LIST__, ABSOLUTE (.))
 *(.ctors)
 *(SORT(.ctors.*))
 .ctors.65535   0x000429a4        0x4 d:/altera/12.1/nios2eds/bin/gnu/h-i686-mingw32/bin/../lib/gcc/nios2-elf/4.1.2/../../../../nios2-elf/lib/mno-hw-mul\libc.a(lib_a-__call_atexit.o)
                0x000429a8                PROVIDE (__CTOR_END__, ABSOLUTE (.))
                0x000429a8                PROVIDE (__DTOR_LIST__, ABSOLUTE (.))
 *(.dtors)
 *(SORT(.dtors.*))
                0x000429a8                PROVIDE (__DTOR_END__, ABSOLUTE (.))
 *(.jcr)
                0x000429a8                . = ALIGN (0x4)

.rodata         0x000429a8       0x30
                0x000429a8                PROVIDE (__ram_rodata_start, ABSOLUTE (.))
                0x000429a8                . = ALIGN (0x4)
 *(.rodata .rodata.* .gnu.linkonce.r.*)
 .rodata        0x000429a8       0x10 ../counter_bsp/\libhal_bsp.a(alt_main.o)
 .rodata        0x000429b8       0x10 ../counter_bsp/\libhal_bsp.a(alt_sys_init.o)
 .rodata        0x000429c8        0xc ../counter_bsp/\libhal_bsp.a(alt_dev.o)
 .rodata.str1.4
                0x000429d4        0x4 d:/altera/12.1/nios2eds/bin/gnu/h-i686-mingw32/bin/../lib/gcc/nios2-elf/4.1.2/../../../../nios2-elf/lib/mno-hw-mul\libc.a(lib_a-impure.o)
 *(.rodata1)
                0x000429d8                . = ALIGN (0x4)
                0x000429d8                PROVIDE (__ram_rodata_end, ABSOLUTE (.))
                0x000429a8                PROVIDE (__flash_rodata_start, LOADADDR (.rodata))

.rwdata         0x000429d8     0x1634 load address 0x0004400c
                0x000429d8                PROVIDE (__ram_rwdata_start, ABSOLUTE (.))
                0x000429d8                . = ALIGN (0x4)
 *(.got.plt)
 *(.got)
 *(.data1)
 *(.data .data.* .gnu.linkonce.d.*)
 .data          0x000429d8        0x0 ../counter_bsp//obj/HAL/src/crt0.o
 .data          0x000429d8        0x0 obj/default/counter.o
 .data          0x000429d8        0x0 ../counter_bsp/\libhal_bsp.a(alt_load.o)
 .data          0x000429d8        0x0 ../counter_bsp/\libhal_bsp.a(alt_main.o)
 .data          0x000429d8        0x0 ../counter_bsp/\libhal_bsp.a(alt_usleep.o)
 .data          0x000429d8     0x1060 ../counter_bsp/\libhal_bsp.a(alt_sys_init.o)
 .data          0x00043a38        0x0 ../counter_bsp/\libhal_bsp.a(altera_avalon_jtag_uart_fd.o)
 .data          0x00043a38        0x0 ../counter_bsp/\libhal_bsp.a(altera_avalon_jtag_uart_init.o)
 .data          0x00043a38        0x0 ../counter_bsp/\libhal_bsp.a(altera_avalon_jtag_uart_ioctl.o)
 .data          0x00043a38        0x0 ../counter_bsp/\libhal_bsp.a(altera_avalon_jtag_uart_read.o)
 .data          0x00043a38        0x0 ../counter_bsp/\libhal_bsp.a(altera_avalon_jtag_uart_write.o)
 .data          0x00043a38        0x0 ../counter_bsp/\libhal_bsp.a(altera_avalon_timer_sc.o)
 .data          0x00043a38        0x0 ../counter_bsp/\libhal_bsp.a(alt_alarm_start.o)
 .data          0x00043a38        0x0 ../counter_bsp/\libhal_bsp.a(alt_busy_sleep.o)
 .data          0x00043a38        0x0 ../counter_bsp/\libhal_bsp.a(alt_close.o)
 .data          0x00043a38        0x0 ../counter_bsp/\libhal_bsp.a(alt_dcache_flush_all.o)
 .data          0x00043a38      0x1a8 ../counter_bsp/\libhal_bsp.a(alt_dev.o)
                0x00043a38                alt_dev_null
                0x00043a60                alt_fd_list
 .data          0x00043be0        0x0 ../counter_bsp/\libhal_bsp.a(alt_dev_llist_insert.o)
 .data          0x00043be0        0x0 ../counter_bsp/\libhal_bsp.a(alt_do_ctors.o)
 .data          0x00043be0        0x0 ../counter_bsp/\libhal_bsp.a(alt_do_dtors.o)
 .data          0x00043be0        0x0 ../counter_bsp/\libhal_bsp.a(alt_errno.o)
 .data          0x00043be0        0x0 ../counter_bsp/\libhal_bsp.a(alt_icache_flush_all.o)
 .data          0x00043be0        0x0 ../counter_bsp/\libhal_bsp.a(alt_iic.o)
 .data          0x00043be0        0x0 ../counter_bsp/\libhal_bsp.a(alt_iic_isr_register.o)
 .data          0x00043be0        0x0 ../counter_bsp/\libhal_bsp.a(alt_io_redirect.o)
 .data          0x00043be0        0x0 ../counter_bsp/\libhal_bsp.a(alt_irq_entry.o)
 .data          0x00043be0        0x0 ../counter_bsp/\libhal_bsp.a(alt_irq_handler.o)
 .data          0x00043be0        0x0 ../counter_bsp/\libhal_bsp.a(alt_irq_vars.o)
 .data          0x00043be0        0x0 ../counter_bsp/\libhal_bsp.a(alt_open.o)
 .data          0x00043be0        0x0 ../counter_bsp/\libhal_bsp.a(alt_release_fd.o)
 .data          0x00043be0        0x0 ../counter_bsp/\libhal_bsp.a(alt_tick.o)
 .data          0x00043be0        0x0 ../counter_bsp/\libhal_bsp.a(altera_nios2_qsys_irq.o)
 .data          0x00043be0        0x0 ../counter_bsp/\libhal_bsp.a(alt_exception_entry.o)
 .data          0x00043be0        0x0 ../counter_bsp/\libhal_bsp.a(alt_find_dev.o)
 .data          0x00043be0        0x0 ../counter_bsp/\libhal_bsp.a(alt_find_file.o)
 .data          0x00043be0        0x0 ../counter_bsp/\libhal_bsp.a(alt_get_fd.o)
 .data          0x00043be0        0x0 ../counter_bsp/\libhal_bsp.a(alt_icache_flush.o)
 .data          0x00043be0        0x0 d:/altera/12.1/nios2eds/bin/gnu/h-i686-mingw32/bin/../lib/gcc/nios2-elf/4.1.2/../../../../nios2-elf/lib/mno-hw-mul\libc.a(lib_a-atexit.o)
 .data          0x00043be0        0x0 d:/altera/12.1/nios2eds/bin/gnu/h-i686-mingw32/bin/../lib/gcc/nios2-elf/4.1.2/../../../../nios2-elf/lib/mno-hw-mul\libc.a(lib_a-exit.o)
 .data          0x00043be0      0x400 d:/altera/12.1/nios2eds/bin/gnu/h-i686-mingw32/bin/../lib/gcc/nios2-elf/4.1.2/../../../../nios2-elf/lib/mno-hw-mul\libc.a(lib_a-impure.o)
 .data          0x00043fe0        0x0 d:/altera/12.1/nios2eds/bin/gnu/h-i686-mingw32/bin/../lib/gcc/nios2-elf/4.1.2/../../../../nios2-elf/lib/mno-hw-mul\libc.a(lib_a-int_errno.o)
 .data          0x00043fe0        0x0 d:/altera/12.1/nios2eds/bin/gnu/h-i686-mingw32/bin/../lib/gcc/nios2-elf/4.1.2/../../../../nios2-elf/lib/mno-hw-mul\libc.a(lib_a-memcmp.o)
 .data          0x00043fe0        0x0 d:/altera/12.1/nios2eds/bin/gnu/h-i686-mingw32/bin/../lib/gcc/nios2-elf/4.1.2/../../../../nios2-elf/lib/mno-hw-mul\libc.a(lib_a-memcpy.o)
 .data          0x00043fe0        0x0 d:/altera/12.1/nios2eds/bin/gnu/h-i686-mingw32/bin/../lib/gcc/nios2-elf/4.1.2/../../../../nios2-elf/lib/mno-hw-mul\libc.a(lib_a-strlen.o)
 .data          0x00043fe0        0x0 d:/altera/12.1/nios2eds/bin/gnu/h-i686-mingw32/bin/../lib/gcc/nios2-elf/4.1.2/../../../../nios2-elf/lib/mno-hw-mul\libc.a(lib_a-__atexit.o)
 .data          0x00043fe0        0x0 d:/altera/12.1/nios2eds/bin/gnu/h-i686-mingw32/bin/../lib/gcc/nios2-elf/4.1.2/../../../../nios2-elf/lib/mno-hw-mul\libc.a(lib_a-__call_atexit.o)
 .data          0x00043fe0        0x0 d:/altera/12.1/nios2eds/bin/gnu/h-i686-mingw32/bin/../lib/gcc/nios2-elf/4.1.2/mno-hw-mul\libgcc.a(lib2-divmod.o)
 .data          0x00043fe0        0x0 d:/altera/12.1/nios2eds/bin/gnu/h-i686-mingw32/bin/../lib/gcc/nios2-elf/4.1.2/mno-hw-mul\libgcc.a(lib2-mul.o)
 .data          0x00043fe0        0x0 ../counter_bsp/\libhal_bsp.a(alt_exit.o)
                0x0004bfe0                _gp = ABSOLUTE ((. + 0x8000))
                0x0004bfe0                PROVIDE (gp, _gp)
 *(.rwdata .rwdata.*)
 *(.sdata .sdata.* .gnu.linkonce.s.*)
 .sdata         0x00043fe0       0x14 ../counter_bsp/\libhal_bsp.a(alt_dev.o)
                0x00043fe0                alt_fs_list
                0x00043fe8                alt_dev_list
                0x00043ff0                alt_max_fd
 .sdata         0x00043ff4        0x4 ../counter_bsp/\libhal_bsp.a(alt_errno.o)
                0x00043ff4                alt_errno
 .sdata         0x00043ff8        0x4 ../counter_bsp/\libhal_bsp.a(alt_irq_vars.o)
                0x00043ff8                alt_priority_mask
 .sdata         0x00043ffc        0x8 ../counter_bsp/\libhal_bsp.a(alt_tick.o)
                0x00043ffc                alt_alarm_list
 .sdata         0x00044004        0x8 d:/altera/12.1/nios2eds/bin/gnu/h-i686-mingw32/bin/../lib/gcc/nios2-elf/4.1.2/../../../../nios2-elf/lib/mno-hw-mul\libc.a(lib_a-impure.o)
                0x00044004                _impure_ptr
                0x00044008                _global_impure_ptr
 *(.sdata2 .sdata2.* .gnu.linkonce.s2.*)
                0x0004400c                . = ALIGN (0x4)
                0x0004400c                _edata = ABSOLUTE (.)
                0x0004400c                PROVIDE (edata, ABSOLUTE (.))
                0x0004400c                PROVIDE (__ram_rwdata_end, ABSOLUTE (.))
                0x0004400c                PROVIDE (__flash_rwdata_start, LOADADDR (.rwdata))

.bss            0x00045640      0x2b0
                0x00045640                __bss_start = ABSOLUTE (.)
                0x00045640                PROVIDE (__sbss_start, ABSOLUTE (.))
                0x00045640                PROVIDE (___sbss_start, ABSOLUTE (.))
 *(.dynsbss)
 *(.sbss .sbss.* .gnu.linkonce.sb.*)
 .sbss          0x00045640        0x1 obj/default/counter.o
 *fill*         0x00045641        0x3 00
 .sbss          0x00045644        0xc ../counter_bsp/\libhal_bsp.a(alt_main.o)
                0x00045644                alt_argc
                0x00045648                alt_argv
                0x0004564c                alt_envp
 .sbss          0x00045650        0x4 ../counter_bsp/\libhal_bsp.a(alt_irq_vars.o)
                0x00045650                alt_irq_active
 .sbss          0x00045654        0x8 ../counter_bsp/\libhal_bsp.a(alt_tick.o)
                0x00045654                _alt_tick_rate
                0x00045658                _alt_nticks
 .sbss          0x0004565c        0x4 d:/altera/12.1/nios2eds/bin/gnu/h-i686-mingw32/bin/../lib/gcc/nios2-elf/4.1.2/../../../../nios2-elf/lib/mno-hw-mul\libc.a(lib_a-int_errno.o)
                0x0004565c                errno
 *(.sbss2 .sbss2.* .gnu.linkonce.sb2.*)
 *(.scommon)
                0x00045660                PROVIDE (__sbss_end, ABSOLUTE (.))
                0x00045660                PROVIDE (___sbss_end, ABSOLUTE (.))
 *(.dynbss)
 *(.bss .bss.* .gnu.linkonce.b.*)
 .bss           0x00045660        0x0 ../counter_bsp//obj/HAL/src/crt0.o
 .bss           0x00045660        0x0 obj/default/counter.o
 .bss           0x00045660        0x0 ../counter_bsp/\libhal_bsp.a(alt_load.o)
 .bss           0x00045660        0x0 ../counter_bsp/\libhal_bsp.a(alt_main.o)
 .bss           0x00045660        0x0 ../counter_bsp/\libhal_bsp.a(alt_usleep.o)
 .bss           0x00045660        0x0 ../counter_bsp/\libhal_bsp.a(alt_sys_init.o)
 .bss           0x00045660        0x0 ../counter_bsp/\libhal_bsp.a(altera_avalon_jtag_uart_fd.o)
 .bss           0x00045660        0x0 ../counter_bsp/\libhal_bsp.a(altera_avalon_jtag_uart_init.o)
 .bss           0x00045660        0x0 ../counter_bsp/\libhal_bsp.a(altera_avalon_jtag_uart_ioctl.o)
 .bss           0x00045660        0x0 ../counter_bsp/\libhal_bsp.a(altera_avalon_jtag_uart_read.o)
 .bss           0x00045660        0x0 ../counter_bsp/\libhal_bsp.a(altera_avalon_jtag_uart_write.o)
 .bss           0x00045660        0x0 ../counter_bsp/\libhal_bsp.a(altera_avalon_timer_sc.o)
 .bss           0x00045660        0x0 ../counter_bsp/\libhal_bsp.a(alt_alarm_start.o)
 .bss           0x00045660        0x0 ../counter_bsp/\libhal_bsp.a(alt_busy_sleep.o)
 .bss           0x00045660        0x0 ../counter_bsp/\libhal_bsp.a(alt_close.o)
 .bss           0x00045660        0x0 ../counter_bsp/\libhal_bsp.a(alt_dcache_flush_all.o)
 .bss           0x00045660        0x0 ../counter_bsp/\libhal_bsp.a(alt_dev.o)
 .bss           0x00045660        0x0 ../counter_bsp/\libhal_bsp.a(alt_dev_llist_insert.o)
 .bss           0x00045660        0x0 ../counter_bsp/\libhal_bsp.a(alt_do_ctors.o)
 .bss           0x00045660        0x0 ../counter_bsp/\libhal_bsp.a(alt_do_dtors.o)
 .bss           0x00045660        0x0 ../counter_bsp/\libhal_bsp.a(alt_errno.o)
 .bss           0x00045660        0x0 ../counter_bsp/\libhal_bsp.a(alt_icache_flush_all.o)
 .bss           0x00045660        0x0 ../counter_bsp/\libhal_bsp.a(alt_iic.o)
 .bss           0x00045660        0x0 ../counter_bsp/\libhal_bsp.a(alt_iic_isr_register.o)
 .bss           0x00045660        0x0 ../counter_bsp/\libhal_bsp.a(alt_io_redirect.o)
 .bss           0x00045660        0x0 ../counter_bsp/\libhal_bsp.a(alt_irq_entry.o)
 .bss           0x00045660        0x0 ../counter_bsp/\libhal_bsp.a(alt_irq_handler.o)
 .bss           0x00045660        0x0 ../counter_bsp/\libhal_bsp.a(alt_irq_vars.o)
 .bss           0x00045660        0x0 ../counter_bsp/\libhal_bsp.a(alt_open.o)
 .bss           0x00045660        0x0 ../counter_bsp/\libhal_bsp.a(alt_release_fd.o)
 .bss           0x00045660        0x0 ../counter_bsp/\libhal_bsp.a(alt_tick.o)
 .bss           0x00045660        0x0 ../counter_bsp/\libhal_bsp.a(altera_nios2_qsys_irq.o)
 .bss           0x00045660        0x0 ../counter_bsp/\libhal_bsp.a(alt_exception_entry.o)
 .bss           0x00045660        0x0 ../counter_bsp/\libhal_bsp.a(alt_find_dev.o)
 .bss           0x00045660        0x0 ../counter_bsp/\libhal_bsp.a(alt_find_file.o)
 .bss           0x00045660        0x0 ../counter_bsp/\libhal_bsp.a(alt_get_fd.o)
 .bss           0x00045660        0x0 ../counter_bsp/\libhal_bsp.a(alt_icache_flush.o)
 .bss           0x00045660        0x0 d:/altera/12.1/nios2eds/bin/gnu/h-i686-mingw32/bin/../lib/gcc/nios2-elf/4.1.2/../../../../nios2-elf/lib/mno-hw-mul\libc.a(lib_a-atexit.o)
 .bss           0x00045660        0x0 d:/altera/12.1/nios2eds/bin/gnu/h-i686-mingw32/bin/../lib/gcc/nios2-elf/4.1.2/../../../../nios2-elf/lib/mno-hw-mul\libc.a(lib_a-exit.o)
 .bss           0x00045660        0x0 d:/altera/12.1/nios2eds/bin/gnu/h-i686-mingw32/bin/../lib/gcc/nios2-elf/4.1.2/../../../../nios2-elf/lib/mno-hw-mul\libc.a(lib_a-impure.o)
 .bss           0x00045660        0x0 d:/altera/12.1/nios2eds/bin/gnu/h-i686-mingw32/bin/../lib/gcc/nios2-elf/4.1.2/../../../../nios2-elf/lib/mno-hw-mul\libc.a(lib_a-int_errno.o)
 .bss           0x00045660        0x0 d:/altera/12.1/nios2eds/bin/gnu/h-i686-mingw32/bin/../lib/gcc/nios2-elf/4.1.2/../../../../nios2-elf/lib/mno-hw-mul\libc.a(lib_a-memcmp.o)
 .bss           0x00045660        0x0 d:/altera/12.1/nios2eds/bin/gnu/h-i686-mingw32/bin/../lib/gcc/nios2-elf/4.1.2/../../../../nios2-elf/lib/mno-hw-mul\libc.a(lib_a-memcpy.o)
 .bss           0x00045660        0x0 d:/altera/12.1/nios2eds/bin/gnu/h-i686-mingw32/bin/../lib/gcc/nios2-elf/4.1.2/../../../../nios2-elf/lib/mno-hw-mul\libc.a(lib_a-strlen.o)
 .bss           0x00045660        0x0 d:/altera/12.1/nios2eds/bin/gnu/h-i686-mingw32/bin/../lib/gcc/nios2-elf/4.1.2/../../../../nios2-elf/lib/mno-hw-mul\libc.a(lib_a-__atexit.o)
 .bss           0x00045660        0x0 d:/altera/12.1/nios2eds/bin/gnu/h-i686-mingw32/bin/../lib/gcc/nios2-elf/4.1.2/../../../../nios2-elf/lib/mno-hw-mul\libc.a(lib_a-__call_atexit.o)
 .bss           0x00045660        0x0 d:/altera/12.1/nios2eds/bin/gnu/h-i686-mingw32/bin/../lib/gcc/nios2-elf/4.1.2/mno-hw-mul\libgcc.a(lib2-divmod.o)
 .bss           0x00045660        0x0 d:/altera/12.1/nios2eds/bin/gnu/h-i686-mingw32/bin/../lib/gcc/nios2-elf/4.1.2/mno-hw-mul\libgcc.a(lib2-mul.o)
 .bss           0x00045660        0x0 ../counter_bsp/\libhal_bsp.a(alt_exit.o)
 *(COMMON)
 COMMON         0x00045660      0x100 ../counter_bsp/\libhal_bsp.a(alt_irq_handler.o)
                0x00045660                alt_irq
 COMMON         0x00045760      0x190 d:/altera/12.1/nios2eds/bin/gnu/h-i686-mingw32/bin/../lib/gcc/nios2-elf/4.1.2/../../../../nios2-elf/lib/mno-hw-mul\libc.a(lib_a-atexit.o)
                0x00045760                _atexit0
                0x000458f0                . = ALIGN (0x4)
                0x000458f0                __bss_end = ABSOLUTE (.)

.onchip_mem     0x000458f0        0x0
                0x000458f0                PROVIDE (_alt_partition_onchip_mem_start, ABSOLUTE (.))
 *(.onchip_mem. onchip_mem.*)
                0x000458f0                . = ALIGN (0x4)
                0x000458f0                PROVIDE (_alt_partition_onchip_mem_end, ABSOLUTE (.))
                0x000458f0                _end = ABSOLUTE (.)
                0x000458f0                end = ABSOLUTE (.)
                0x000458f0                __alt_stack_base = ABSOLUTE (.)
                0x000458f0                PROVIDE (_alt_partition_onchip_mem_load_addr, LOADADDR (.onchip_mem))

.stab
 *(.stab)

.stabstr
 *(.stabstr)

.stab.excl
 *(.stab.excl)

.stab.exclstr
 *(.stab.exclstr)

.stab.index
 *(.stab.index)

.stab.indexstr
 *(.stab.indexstr)

.comment        0x00000000       0x23
 *(.comment)
 .comment       0x00000000       0x23 obj/default/counter.o
                                 0x24 (size before relaxing)
 .comment       0x00000000       0x24 ../counter_bsp/\libhal_bsp.a(alt_load.o)
 .comment       0x00000000       0x24 ../counter_bsp/\libhal_bsp.a(alt_main.o)
 .comment       0x00000000       0x24 ../counter_bsp/\libhal_bsp.a(alt_usleep.o)
 .comment       0x00000000       0x24 ../counter_bsp/\libhal_bsp.a(alt_sys_init.o)
 .comment       0x00000000       0x24 ../counter_bsp/\libhal_bsp.a(altera_avalon_jtag_uart_fd.o)
 .comment       0x00000000       0x24 ../counter_bsp/\libhal_bsp.a(altera_avalon_jtag_uart_init.o)
 .comment       0x00000000       0x24 ../counter_bsp/\libhal_bsp.a(altera_avalon_jtag_uart_ioctl.o)
 .comment       0x00000000       0x24 ../counter_bsp/\libhal_bsp.a(altera_avalon_jtag_uart_read.o)
 .comment       0x00000000       0x24 ../counter_bsp/\libhal_bsp.a(altera_avalon_jtag_uart_write.o)
 .comment       0x00000000       0x24 ../counter_bsp/\libhal_bsp.a(altera_avalon_timer_sc.o)
 .comment       0x00000000       0x24 ../counter_bsp/\libhal_bsp.a(alt_alarm_start.o)
 .comment       0x00000000       0x24 ../counter_bsp/\libhal_bsp.a(alt_busy_sleep.o)
 .comment       0x00000000       0x24 ../counter_bsp/\libhal_bsp.a(alt_close.o)
 .comment       0x00000000       0x24 ../counter_bsp/\libhal_bsp.a(alt_dcache_flush_all.o)
 .comment       0x00000000       0x24 ../counter_bsp/\libhal_bsp.a(alt_dev.o)
 .comment       0x00000000       0x24 ../counter_bsp/\libhal_bsp.a(alt_dev_llist_insert.o)
 .comment       0x00000000       0x24 ../counter_bsp/\libhal_bsp.a(alt_do_ctors.o)
 .comment       0x00000000       0x24 ../counter_bsp/\libhal_bsp.a(alt_do_dtors.o)
 .comment       0x00000000       0x24 ../counter_bsp/\libhal_bsp.a(alt_errno.o)
 .comment       0x00000000       0x24 ../counter_bsp/\libhal_bsp.a(alt_icache_flush_all.o)
 .comment       0x00000000       0x24 ../counter_bsp/\libhal_bsp.a(alt_iic.o)
 .comment       0x00000000       0x24 ../counter_bsp/\libhal_bsp.a(alt_iic_isr_register.o)
 .comment       0x00000000       0x24 ../counter_bsp/\libhal_bsp.a(alt_io_redirect.o)
 .comment       0x00000000       0x24 ../counter_bsp/\libhal_bsp.a(alt_irq_handler.o)
 .comment       0x00000000       0x24 ../counter_bsp/\libhal_bsp.a(alt_irq_vars.o)
 .comment       0x00000000       0x24 ../counter_bsp/\libhal_bsp.a(alt_open.o)
 .comment       0x00000000       0x24 ../counter_bsp/\libhal_bsp.a(alt_release_fd.o)
 .comment       0x00000000       0x24 ../counter_bsp/\libhal_bsp.a(alt_tick.o)
 .comment       0x00000000       0x24 ../counter_bsp/\libhal_bsp.a(altera_nios2_qsys_irq.o)
 .comment       0x00000000       0x24 ../counter_bsp/\libhal_bsp.a(alt_find_dev.o)
 .comment       0x00000000       0x24 ../counter_bsp/\libhal_bsp.a(alt_find_file.o)
 .comment       0x00000000       0x24 ../counter_bsp/\libhal_bsp.a(alt_get_fd.o)
 .comment       0x00000000       0x24 ../counter_bsp/\libhal_bsp.a(alt_icache_flush.o)
 .comment       0x00000000       0x24 d:/altera/12.1/nios2eds/bin/gnu/h-i686-mingw32/bin/../lib/gcc/nios2-elf/4.1.2/../../../../nios2-elf/lib/mno-hw-mul\libc.a(lib_a-atexit.o)
 .comment       0x00000000       0x24 d:/altera/12.1/nios2eds/bin/gnu/h-i686-mingw32/bin/../lib/gcc/nios2-elf/4.1.2/../../../../nios2-elf/lib/mno-hw-mul\libc.a(lib_a-exit.o)
 .comment       0x00000000       0x24 d:/altera/12.1/nios2eds/bin/gnu/h-i686-mingw32/bin/../lib/gcc/nios2-elf/4.1.2/../../../../nios2-elf/lib/mno-hw-mul\libc.a(lib_a-impure.o)
 .comment       0x00000000       0x24 d:/altera/12.1/nios2eds/bin/gnu/h-i686-mingw32/bin/../lib/gcc/nios2-elf/4.1.2/../../../../nios2-elf/lib/mno-hw-mul\libc.a(lib_a-int_errno.o)
 .comment       0x00000000       0x24 d:/altera/12.1/nios2eds/bin/gnu/h-i686-mingw32/bin/../lib/gcc/nios2-elf/4.1.2/../../../../nios2-elf/lib/mno-hw-mul\libc.a(lib_a-memcmp.o)
 .comment       0x00000000       0x24 d:/altera/12.1/nios2eds/bin/gnu/h-i686-mingw32/bin/../lib/gcc/nios2-elf/4.1.2/../../../../nios2-elf/lib/mno-hw-mul\libc.a(lib_a-memcpy.o)
 .comment       0x00000000       0x24 d:/altera/12.1/nios2eds/bin/gnu/h-i686-mingw32/bin/../lib/gcc/nios2-elf/4.1.2/../../../../nios2-elf/lib/mno-hw-mul\libc.a(lib_a-strlen.o)
 .comment       0x00000000       0x24 d:/altera/12.1/nios2eds/bin/gnu/h-i686-mingw32/bin/../lib/gcc/nios2-elf/4.1.2/../../../../nios2-elf/lib/mno-hw-mul\libc.a(lib_a-__atexit.o)
 .comment       0x00000000       0x24 d:/altera/12.1/nios2eds/bin/gnu/h-i686-mingw32/bin/../lib/gcc/nios2-elf/4.1.2/../../../../nios2-elf/lib/mno-hw-mul\libc.a(lib_a-__call_atexit.o)
 .comment       0x00000000       0x24 d:/altera/12.1/nios2eds/bin/gnu/h-i686-mingw32/bin/../lib/gcc/nios2-elf/4.1.2/mno-hw-mul\libgcc.a(lib2-divmod.o)
 .comment       0x00000000       0x24 d:/altera/12.1/nios2eds/bin/gnu/h-i686-mingw32/bin/../lib/gcc/nios2-elf/4.1.2/mno-hw-mul\libgcc.a(lib2-mul.o)
 .comment       0x00000000       0x24 ../counter_bsp/\libhal_bsp.a(alt_exit.o)

.debug
 *(.debug)

.line
 *(.line)

.debug_srcinfo
 *(.debug_srcinfo)

.debug_sfnames
 *(.debug_sfnames)

.debug_aranges  0x00000000      0x5d8
 *(.debug_aranges)
 .debug_aranges
                0x00000000       0x28 ../counter_bsp//obj/HAL/src/crt0.o
 .debug_aranges
                0x00000028       0x20 obj/default/counter.o
 .debug_aranges
                0x00000048       0x20 ../counter_bsp/\libhal_bsp.a(alt_load.o)
 .debug_aranges
                0x00000068       0x20 ../counter_bsp/\libhal_bsp.a(alt_main.o)
 .debug_aranges
                0x00000088       0x20 ../counter_bsp/\libhal_bsp.a(alt_usleep.o)
 .debug_aranges
                0x000000a8       0x20 ../counter_bsp/\libhal_bsp.a(alt_sys_init.o)
 .debug_aranges
                0x000000c8       0x20 ../counter_bsp/\libhal_bsp.a(altera_avalon_jtag_uart_fd.o)
 .debug_aranges
                0x000000e8       0x20 ../counter_bsp/\libhal_bsp.a(altera_avalon_jtag_uart_init.o)
 .debug_aranges
                0x00000108       0x20 ../counter_bsp/\libhal_bsp.a(altera_avalon_jtag_uart_ioctl.o)
 .debug_aranges
                0x00000128       0x20 ../counter_bsp/\libhal_bsp.a(altera_avalon_jtag_uart_read.o)
 .debug_aranges
                0x00000148       0x20 ../counter_bsp/\libhal_bsp.a(altera_avalon_jtag_uart_write.o)
 .debug_aranges
                0x00000168       0x20 ../counter_bsp/\libhal_bsp.a(altera_avalon_timer_sc.o)
 .debug_aranges
                0x00000188       0x20 ../counter_bsp/\libhal_bsp.a(alt_alarm_start.o)
 .debug_aranges
                0x000001a8       0x20 ../counter_bsp/\libhal_bsp.a(alt_busy_sleep.o)
 .debug_aranges
                0x000001c8       0x20 ../counter_bsp/\libhal_bsp.a(alt_close.o)
 .debug_aranges
                0x000001e8       0x20 ../counter_bsp/\libhal_bsp.a(alt_dcache_flush_all.o)
 .debug_aranges
                0x00000208       0x20 ../counter_bsp/\libhal_bsp.a(alt_dev.o)
 .debug_aranges
                0x00000228       0x20 ../counter_bsp/\libhal_bsp.a(alt_dev_llist_insert.o)
 .debug_aranges
                0x00000248       0x20 ../counter_bsp/\libhal_bsp.a(alt_do_ctors.o)
 .debug_aranges
                0x00000268       0x20 ../counter_bsp/\libhal_bsp.a(alt_do_dtors.o)
 .debug_aranges
                0x00000288       0x20 ../counter_bsp/\libhal_bsp.a(alt_icache_flush_all.o)
 .debug_aranges
                0x000002a8       0x20 ../counter_bsp/\libhal_bsp.a(alt_iic.o)
 .debug_aranges
                0x000002c8       0x20 ../counter_bsp/\libhal_bsp.a(alt_iic_isr_register.o)
 .debug_aranges
                0x000002e8       0x20 ../counter_bsp/\libhal_bsp.a(alt_io_redirect.o)
 .debug_aranges
                0x00000308       0x30 ../counter_bsp/\libhal_bsp.a(alt_irq_entry.o)
 .debug_aranges
                0x00000338       0x28 ../counter_bsp/\libhal_bsp.a(alt_irq_handler.o)
 .debug_aranges
                0x00000360       0x20 ../counter_bsp/\libhal_bsp.a(alt_open.o)
 .debug_aranges
                0x00000380       0x20 ../counter_bsp/\libhal_bsp.a(alt_release_fd.o)
 .debug_aranges
                0x000003a0       0x20 ../counter_bsp/\libhal_bsp.a(alt_tick.o)
 .debug_aranges
                0x000003c0       0x20 ../counter_bsp/\libhal_bsp.a(altera_nios2_qsys_irq.o)
 .debug_aranges
                0x000003e0       0x38 ../counter_bsp/\libhal_bsp.a(alt_exception_entry.o)
 .debug_aranges
                0x00000418       0x20 ../counter_bsp/\libhal_bsp.a(alt_find_dev.o)
 .debug_aranges
                0x00000438       0x20 ../counter_bsp/\libhal_bsp.a(alt_find_file.o)
 .debug_aranges
                0x00000458       0x20 ../counter_bsp/\libhal_bsp.a(alt_get_fd.o)
 .debug_aranges
                0x00000478       0x20 ../counter_bsp/\libhal_bsp.a(alt_icache_flush.o)
 .debug_aranges
                0x00000498       0x20 d:/altera/12.1/nios2eds/bin/gnu/h-i686-mingw32/bin/../lib/gcc/nios2-elf/4.1.2/../../../../nios2-elf/lib/mno-hw-mul\libc.a(lib_a-atexit.o)
 .debug_aranges
                0x000004b8       0x20 d:/altera/12.1/nios2eds/bin/gnu/h-i686-mingw32/bin/../lib/gcc/nios2-elf/4.1.2/../../../../nios2-elf/lib/mno-hw-mul\libc.a(lib_a-exit.o)
 .debug_aranges
                0x000004d8       0x20 d:/altera/12.1/nios2eds/bin/gnu/h-i686-mingw32/bin/../lib/gcc/nios2-elf/4.1.2/../../../../nios2-elf/lib/mno-hw-mul\libc.a(lib_a-memcmp.o)
 .debug_aranges
                0x000004f8       0x20 d:/altera/12.1/nios2eds/bin/gnu/h-i686-mingw32/bin/../lib/gcc/nios2-elf/4.1.2/../../../../nios2-elf/lib/mno-hw-mul\libc.a(lib_a-memcpy.o)
 .debug_aranges
                0x00000518       0x20 d:/altera/12.1/nios2eds/bin/gnu/h-i686-mingw32/bin/../lib/gcc/nios2-elf/4.1.2/../../../../nios2-elf/lib/mno-hw-mul\libc.a(lib_a-strlen.o)
 .debug_aranges
                0x00000538       0x20 d:/altera/12.1/nios2eds/bin/gnu/h-i686-mingw32/bin/../lib/gcc/nios2-elf/4.1.2/../../../../nios2-elf/lib/mno-hw-mul\libc.a(lib_a-__atexit.o)
 .debug_aranges
                0x00000558       0x20 d:/altera/12.1/nios2eds/bin/gnu/h-i686-mingw32/bin/../lib/gcc/nios2-elf/4.1.2/../../../../nios2-elf/lib/mno-hw-mul\libc.a(lib_a-__call_atexit.o)
 .debug_aranges
                0x00000578       0x20 d:/altera/12.1/nios2eds/bin/gnu/h-i686-mingw32/bin/../lib/gcc/nios2-elf/4.1.2/mno-hw-mul\libgcc.a(lib2-divmod.o)
 .debug_aranges
                0x00000598       0x20 d:/altera/12.1/nios2eds/bin/gnu/h-i686-mingw32/bin/../lib/gcc/nios2-elf/4.1.2/mno-hw-mul\libgcc.a(lib2-mul.o)
 .debug_aranges
                0x000005b8       0x20 ../counter_bsp/\libhal_bsp.a(alt_exit.o)

.debug_pubnames
                0x00000000      0x899
 *(.debug_pubnames)
 .debug_pubnames
                0x00000000       0x1b obj/default/counter.o
 .debug_pubnames
                0x0000001b       0x1f ../counter_bsp/\libhal_bsp.a(alt_load.o)
 .debug_pubnames
                0x0000003a       0x46 ../counter_bsp/\libhal_bsp.a(alt_main.o)
 .debug_pubnames
                0x00000080       0x1d ../counter_bsp/\libhal_bsp.a(alt_usleep.o)
 .debug_pubnames
                0x0000009d       0x34 ../counter_bsp/\libhal_bsp.a(alt_sys_init.o)
 .debug_pubnames
                0x000000d1       0xa5 ../counter_bsp/\libhal_bsp.a(altera_avalon_jtag_uart_fd.o)
 .debug_pubnames
                0x00000176       0x55 ../counter_bsp/\libhal_bsp.a(altera_avalon_jtag_uart_init.o)
 .debug_pubnames
                0x000001cb       0x34 ../counter_bsp/\libhal_bsp.a(altera_avalon_jtag_uart_ioctl.o)
 .debug_pubnames
                0x000001ff       0x33 ../counter_bsp/\libhal_bsp.a(altera_avalon_jtag_uart_read.o)
 .debug_pubnames
                0x00000232       0x34 ../counter_bsp/\libhal_bsp.a(altera_avalon_jtag_uart_write.o)
 .debug_pubnames
                0x00000266       0x2f ../counter_bsp/\libhal_bsp.a(altera_avalon_timer_sc.o)
 .debug_pubnames
                0x00000295       0x26 ../counter_bsp/\libhal_bsp.a(alt_alarm_start.o)
 .debug_pubnames
                0x000002bb       0x25 ../counter_bsp/\libhal_bsp.a(alt_busy_sleep.o)
 .debug_pubnames
                0x000002e0       0x1c ../counter_bsp/\libhal_bsp.a(alt_close.o)
 .debug_pubnames
                0x000002fc       0x2b ../counter_bsp/\libhal_bsp.a(alt_dcache_flush_all.o)
 .debug_pubnames
                0x00000327       0x63 ../counter_bsp/\libhal_bsp.a(alt_dev.o)
 .debug_pubnames
                0x0000038a       0x2b ../counter_bsp/\libhal_bsp.a(alt_dev_llist_insert.o)
 .debug_pubnames
                0x000003b5       0x20 ../counter_bsp/\libhal_bsp.a(alt_do_ctors.o)
 .debug_pubnames
                0x000003d5       0x20 ../counter_bsp/\libhal_bsp.a(alt_do_dtors.o)
 .debug_pubnames
                0x000003f5       0x20 ../counter_bsp/\libhal_bsp.a(alt_errno.o)
 .debug_pubnames
                0x00000415       0x2b ../counter_bsp/\libhal_bsp.a(alt_icache_flush_all.o)
 .debug_pubnames
                0x00000440       0x6e ../counter_bsp/\libhal_bsp.a(alt_iic.o)
 .debug_pubnames
                0x000004ae       0x2b ../counter_bsp/\libhal_bsp.a(alt_iic_isr_register.o)
 .debug_pubnames
                0x000004d9       0x26 ../counter_bsp/\libhal_bsp.a(alt_io_redirect.o)
 .debug_pubnames
                0x000004ff       0x32 ../counter_bsp/\libhal_bsp.a(alt_irq_handler.o)
 .debug_pubnames
                0x00000531       0x3b ../counter_bsp/\libhal_bsp.a(alt_irq_vars.o)
 .debug_pubnames
                0x0000056c       0x1b ../counter_bsp/\libhal_bsp.a(alt_open.o)
 .debug_pubnames
                0x00000587       0x25 ../counter_bsp/\libhal_bsp.a(alt_release_fd.o)
 .debug_pubnames
                0x000005ac       0x68 ../counter_bsp/\libhal_bsp.a(alt_tick.o)
 .debug_pubnames
                0x00000614       0x31 ../counter_bsp/\libhal_bsp.a(altera_nios2_qsys_irq.o)
 .debug_pubnames
                0x00000645       0x23 ../counter_bsp/\libhal_bsp.a(alt_find_dev.o)
 .debug_pubnames
                0x00000668       0x24 ../counter_bsp/\libhal_bsp.a(alt_find_file.o)
 .debug_pubnames
                0x0000068c       0x21 ../counter_bsp/\libhal_bsp.a(alt_get_fd.o)
 .debug_pubnames
                0x000006ad       0x27 ../counter_bsp/\libhal_bsp.a(alt_icache_flush.o)
 .debug_pubnames
                0x000006d4       0x2a d:/altera/12.1/nios2eds/bin/gnu/h-i686-mingw32/bin/../lib/gcc/nios2-elf/4.1.2/../../../../nios2-elf/lib/mno-hw-mul\libc.a(lib_a-atexit.o)
 .debug_pubnames
                0x000006fe       0x1b d:/altera/12.1/nios2eds/bin/gnu/h-i686-mingw32/bin/../lib/gcc/nios2-elf/4.1.2/../../../../nios2-elf/lib/mno-hw-mul\libc.a(lib_a-exit.o)
 .debug_pubnames
                0x00000719       0x39 d:/altera/12.1/nios2eds/bin/gnu/h-i686-mingw32/bin/../lib/gcc/nios2-elf/4.1.2/../../../../nios2-elf/lib/mno-hw-mul\libc.a(lib_a-impure.o)
 .debug_pubnames
                0x00000752       0x1c d:/altera/12.1/nios2eds/bin/gnu/h-i686-mingw32/bin/../lib/gcc/nios2-elf/4.1.2/../../../../nios2-elf/lib/mno-hw-mul\libc.a(lib_a-int_errno.o)
 .debug_pubnames
                0x0000076e       0x1d d:/altera/12.1/nios2eds/bin/gnu/h-i686-mingw32/bin/../lib/gcc/nios2-elf/4.1.2/../../../../nios2-elf/lib/mno-hw-mul\libc.a(lib_a-memcmp.o)
 .debug_pubnames
                0x0000078b       0x1d d:/altera/12.1/nios2eds/bin/gnu/h-i686-mingw32/bin/../lib/gcc/nios2-elf/4.1.2/../../../../nios2-elf/lib/mno-hw-mul\libc.a(lib_a-memcpy.o)
 .debug_pubnames
                0x000007a8       0x1d d:/altera/12.1/nios2eds/bin/gnu/h-i686-mingw32/bin/../lib/gcc/nios2-elf/4.1.2/../../../../nios2-elf/lib/mno-hw-mul\libc.a(lib_a-strlen.o)
 .debug_pubnames
                0x000007c5       0x2a d:/altera/12.1/nios2eds/bin/gnu/h-i686-mingw32/bin/../lib/gcc/nios2-elf/4.1.2/../../../../nios2-elf/lib/mno-hw-mul\libc.a(lib_a-__atexit.o)
 .debug_pubnames
                0x000007ef       0x27 d:/altera/12.1/nios2eds/bin/gnu/h-i686-mingw32/bin/../lib/gcc/nios2-elf/4.1.2/../../../../nios2-elf/lib/mno-hw-mul\libc.a(lib_a-__call_atexit.o)
 .debug_pubnames
                0x00000816       0x48 d:/altera/12.1/nios2eds/bin/gnu/h-i686-mingw32/bin/../lib/gcc/nios2-elf/4.1.2/mno-hw-mul\libgcc.a(lib2-divmod.o)
 .debug_pubnames
                0x0000085e       0x1f d:/altera/12.1/nios2eds/bin/gnu/h-i686-mingw32/bin/../lib/gcc/nios2-elf/4.1.2/mno-hw-mul\libgcc.a(lib2-mul.o)
 .debug_pubnames
                0x0000087d       0x1c ../counter_bsp/\libhal_bsp.a(alt_exit.o)

.debug_info     0x00000000     0xa5c3
 *(.debug_info .gnu.linkonce.wi.*)
 .debug_info    0x00000000       0x69 ../counter_bsp//obj/HAL/src/crt0.o
 .debug_info    0x00000069      0x147 obj/default/counter.o
 .debug_info    0x000001b0      0x27b ../counter_bsp/\libhal_bsp.a(alt_load.o)
 .debug_info    0x0000042b      0x213 ../counter_bsp/\libhal_bsp.a(alt_main.o)
 .debug_info    0x0000063e      0x156 ../counter_bsp/\libhal_bsp.a(alt_usleep.o)
 .debug_info    0x00000794      0x70e ../counter_bsp/\libhal_bsp.a(alt_sys_init.o)
 .debug_info    0x00000ea2      0x7c7 ../counter_bsp/\libhal_bsp.a(altera_avalon_jtag_uart_fd.o)
 .debug_info    0x00001669      0x5ef ../counter_bsp/\libhal_bsp.a(altera_avalon_jtag_uart_init.o)
 .debug_info    0x00001c58      0x431 ../counter_bsp/\libhal_bsp.a(altera_avalon_jtag_uart_ioctl.o)
 .debug_info    0x00002089      0x534 ../counter_bsp/\libhal_bsp.a(altera_avalon_jtag_uart_read.o)
 .debug_info    0x000025bd      0x52c ../counter_bsp/\libhal_bsp.a(altera_avalon_jtag_uart_write.o)
 .debug_info    0x00002ae9      0x379 ../counter_bsp/\libhal_bsp.a(altera_avalon_timer_sc.o)
 .debug_info    0x00002e62      0x430 ../counter_bsp/\libhal_bsp.a(alt_alarm_start.o)
 .debug_info    0x00003292      0x199 ../counter_bsp/\libhal_bsp.a(alt_busy_sleep.o)
 .debug_info    0x0000342b      0x455 ../counter_bsp/\libhal_bsp.a(alt_close.o)
 .debug_info    0x00003880      0x14a ../counter_bsp/\libhal_bsp.a(alt_dcache_flush_all.o)
 .debug_info    0x000039ca      0x66d ../counter_bsp/\libhal_bsp.a(alt_dev.o)
 .debug_info    0x00004037      0x2a5 ../counter_bsp/\libhal_bsp.a(alt_dev_llist_insert.o)
 .debug_info    0x000042dc       0xfd ../counter_bsp/\libhal_bsp.a(alt_do_ctors.o)
 .debug_info    0x000043d9       0xfc ../counter_bsp/\libhal_bsp.a(alt_do_dtors.o)
 .debug_info    0x000044d5      0x152 ../counter_bsp/\libhal_bsp.a(alt_errno.o)
 .debug_info    0x00004627      0x14a ../counter_bsp/\libhal_bsp.a(alt_icache_flush_all.o)
 .debug_info    0x00004771      0x481 ../counter_bsp/\libhal_bsp.a(alt_iic.o)
 .debug_info    0x00004bf2      0x302 ../counter_bsp/\libhal_bsp.a(alt_iic_isr_register.o)
 .debug_info    0x00004ef4      0x683 ../counter_bsp/\libhal_bsp.a(alt_io_redirect.o)
 .debug_info    0x00005577       0x72 ../counter_bsp/\libhal_bsp.a(alt_irq_entry.o)
 .debug_info    0x000055e9      0x263 ../counter_bsp/\libhal_bsp.a(alt_irq_handler.o)
 .debug_info    0x0000584c      0x155 ../counter_bsp/\libhal_bsp.a(alt_irq_vars.o)
 .debug_info    0x000059a1      0x513 ../counter_bsp/\libhal_bsp.a(alt_open.o)
 .debug_info    0x00005eb4      0x3e0 ../counter_bsp/\libhal_bsp.a(alt_release_fd.o)
 .debug_info    0x00006294      0x3ec ../counter_bsp/\libhal_bsp.a(alt_tick.o)
 .debug_info    0x00006680      0x151 ../counter_bsp/\libhal_bsp.a(altera_nios2_qsys_irq.o)
 .debug_info    0x000067d1       0x78 ../counter_bsp/\libhal_bsp.a(alt_exception_entry.o)
 .debug_info    0x00006849      0x406 ../counter_bsp/\libhal_bsp.a(alt_find_dev.o)
 .debug_info    0x00006c4f      0x40d ../counter_bsp/\libhal_bsp.a(alt_find_file.o)
 .debug_info    0x0000705c      0x44e ../counter_bsp/\libhal_bsp.a(alt_get_fd.o)
 .debug_info    0x000074aa      0x192 ../counter_bsp/\libhal_bsp.a(alt_icache_flush.o)
 .debug_info    0x0000763c      0x181 d:/altera/12.1/nios2eds/bin/gnu/h-i686-mingw32/bin/../lib/gcc/nios2-elf/4.1.2/../../../../nios2-elf/lib/mno-hw-mul\libc.a(lib_a-atexit.o)
 .debug_info    0x000077bd      0x93f d:/altera/12.1/nios2eds/bin/gnu/h-i686-mingw32/bin/../lib/gcc/nios2-elf/4.1.2/../../../../nios2-elf/lib/mno-hw-mul\libc.a(lib_a-exit.o)
 .debug_info    0x000080fc      0x93d d:/altera/12.1/nios2eds/bin/gnu/h-i686-mingw32/bin/../lib/gcc/nios2-elf/4.1.2/../../../../nios2-elf/lib/mno-hw-mul\libc.a(lib_a-impure.o)
 .debug_info    0x00008a39       0x8c d:/altera/12.1/nios2eds/bin/gnu/h-i686-mingw32/bin/../lib/gcc/nios2-elf/4.1.2/../../../../nios2-elf/lib/mno-hw-mul\libc.a(lib_a-int_errno.o)
 .debug_info    0x00008ac5      0x115 d:/altera/12.1/nios2eds/bin/gnu/h-i686-mingw32/bin/../lib/gcc/nios2-elf/4.1.2/../../../../nios2-elf/lib/mno-hw-mul\libc.a(lib_a-memcmp.o)
 .debug_info    0x00008bda      0x106 d:/altera/12.1/nios2eds/bin/gnu/h-i686-mingw32/bin/../lib/gcc/nios2-elf/4.1.2/../../../../nios2-elf/lib/mno-hw-mul\libc.a(lib_a-memcpy.o)
 .debug_info    0x00008ce0       0xdb d:/altera/12.1/nios2eds/bin/gnu/h-i686-mingw32/bin/../lib/gcc/nios2-elf/4.1.2/../../../../nios2-elf/lib/mno-hw-mul\libc.a(lib_a-strlen.o)
 .debug_info    0x00008dbb      0x99c d:/altera/12.1/nios2eds/bin/gnu/h-i686-mingw32/bin/../lib/gcc/nios2-elf/4.1.2/../../../../nios2-elf/lib/mno-hw-mul\libc.a(lib_a-__atexit.o)
 .debug_info    0x00009757      0x9e2 d:/altera/12.1/nios2eds/bin/gnu/h-i686-mingw32/bin/../lib/gcc/nios2-elf/4.1.2/../../../../nios2-elf/lib/mno-hw-mul\libc.a(lib_a-__call_atexit.o)
 .debug_info    0x0000a139      0x21c d:/altera/12.1/nios2eds/bin/gnu/h-i686-mingw32/bin/../lib/gcc/nios2-elf/4.1.2/mno-hw-mul\libgcc.a(lib2-divmod.o)
 .debug_info    0x0000a355       0xf3 d:/altera/12.1/nios2eds/bin/gnu/h-i686-mingw32/bin/../lib/gcc/nios2-elf/4.1.2/mno-hw-mul\libgcc.a(lib2-mul.o)
 .debug_info    0x0000a448      0x17b ../counter_bsp/\libhal_bsp.a(alt_exit.o)

.debug_abbrev   0x00000000     0x278a
 *(.debug_abbrev)
 .debug_abbrev  0x00000000       0x12 ../counter_bsp//obj/HAL/src/crt0.o
 .debug_abbrev  0x00000012       0x5d obj/default/counter.o
 .debug_abbrev  0x0000006f       0x88 ../counter_bsp/\libhal_bsp.a(alt_load.o)
 .debug_abbrev  0x000000f7       0xb7 ../counter_bsp/\libhal_bsp.a(alt_main.o)
 .debug_abbrev  0x000001ae       0x5d ../counter_bsp/\libhal_bsp.a(alt_usleep.o)
 .debug_abbrev  0x0000020b      0x142 ../counter_bsp/\libhal_bsp.a(alt_sys_init.o)
 .debug_abbrev  0x0000034d       0xf7 ../counter_bsp/\libhal_bsp.a(altera_avalon_jtag_uart_fd.o)
 .debug_abbrev  0x00000444      0x17c ../counter_bsp/\libhal_bsp.a(altera_avalon_jtag_uart_init.o)
 .debug_abbrev  0x000005c0       0xf0 ../counter_bsp/\libhal_bsp.a(altera_avalon_jtag_uart_ioctl.o)
 .debug_abbrev  0x000006b0      0x191 ../counter_bsp/\libhal_bsp.a(altera_avalon_jtag_uart_read.o)
 .debug_abbrev  0x00000841      0x18d ../counter_bsp/\libhal_bsp.a(altera_avalon_jtag_uart_write.o)
 .debug_abbrev  0x000009ce      0x137 ../counter_bsp/\libhal_bsp.a(altera_avalon_timer_sc.o)
 .debug_abbrev  0x00000b05      0x172 ../counter_bsp/\libhal_bsp.a(alt_alarm_start.o)
 .debug_abbrev  0x00000c77       0x6c ../counter_bsp/\libhal_bsp.a(alt_busy_sleep.o)
 .debug_abbrev  0x00000ce3       0xfb ../counter_bsp/\libhal_bsp.a(alt_close.o)
 .debug_abbrev  0x00000dde       0x3f ../counter_bsp/\libhal_bsp.a(alt_dcache_flush_all.o)
 .debug_abbrev  0x00000e1d       0xc7 ../counter_bsp/\libhal_bsp.a(alt_dev.o)
 .debug_abbrev  0x00000ee4       0xf6 ../counter_bsp/\libhal_bsp.a(alt_dev_llist_insert.o)
 .debug_abbrev  0x00000fda       0x76 ../counter_bsp/\libhal_bsp.a(alt_do_ctors.o)
 .debug_abbrev  0x00001050       0x76 ../counter_bsp/\libhal_bsp.a(alt_do_dtors.o)
 .debug_abbrev  0x000010c6       0x5e ../counter_bsp/\libhal_bsp.a(alt_errno.o)
 .debug_abbrev  0x00001124       0x3f ../counter_bsp/\libhal_bsp.a(alt_icache_flush_all.o)
 .debug_abbrev  0x00001163      0x134 ../counter_bsp/\libhal_bsp.a(alt_iic.o)
 .debug_abbrev  0x00001297      0x14e ../counter_bsp/\libhal_bsp.a(alt_iic_isr_register.o)
 .debug_abbrev  0x000013e5       0xf0 ../counter_bsp/\libhal_bsp.a(alt_io_redirect.o)
 .debug_abbrev  0x000014d5       0x12 ../counter_bsp/\libhal_bsp.a(alt_irq_entry.o)
 .debug_abbrev  0x000014e7      0x10c ../counter_bsp/\libhal_bsp.a(alt_irq_handler.o)
 .debug_abbrev  0x000015f3       0x44 ../counter_bsp/\libhal_bsp.a(alt_irq_vars.o)
 .debug_abbrev  0x00001637      0x112 ../counter_bsp/\libhal_bsp.a(alt_open.o)
 .debug_abbrev  0x00001749       0xc1 ../counter_bsp/\libhal_bsp.a(alt_release_fd.o)
 .debug_abbrev  0x0000180a      0x150 ../counter_bsp/\libhal_bsp.a(alt_tick.o)
 .debug_abbrev  0x0000195a       0x3f ../counter_bsp/\libhal_bsp.a(altera_nios2_qsys_irq.o)
 .debug_abbrev  0x00001999       0x12 ../counter_bsp/\libhal_bsp.a(alt_exception_entry.o)
 .debug_abbrev  0x000019ab       0xcf ../counter_bsp/\libhal_bsp.a(alt_find_dev.o)
 .debug_abbrev  0x00001a7a       0xcf ../counter_bsp/\libhal_bsp.a(alt_find_file.o)
 .debug_abbrev  0x00001b49       0xfb ../counter_bsp/\libhal_bsp.a(alt_get_fd.o)
 .debug_abbrev  0x00001c44       0x7a ../counter_bsp/\libhal_bsp.a(alt_icache_flush.o)
 .debug_abbrev  0x00001cbe       0xb7 d:/altera/12.1/nios2eds/bin/gnu/h-i686-mingw32/bin/../lib/gcc/nios2-elf/4.1.2/../../../../nios2-elf/lib/mno-hw-mul\libc.a(lib_a-atexit.o)
 .debug_abbrev  0x00001d75      0x16e d:/altera/12.1/nios2eds/bin/gnu/h-i686-mingw32/bin/../lib/gcc/nios2-elf/4.1.2/../../../../nios2-elf/lib/mno-hw-mul\libc.a(lib_a-exit.o)
 .debug_abbrev  0x00001ee3      0x157 d:/altera/12.1/nios2eds/bin/gnu/h-i686-mingw32/bin/../lib/gcc/nios2-elf/4.1.2/../../../../nios2-elf/lib/mno-hw-mul\libc.a(lib_a-impure.o)
 .debug_abbrev  0x0000203a       0x3b d:/altera/12.1/nios2eds/bin/gnu/h-i686-mingw32/bin/../lib/gcc/nios2-elf/4.1.2/../../../../nios2-elf/lib/mno-hw-mul\libc.a(lib_a-int_errno.o)
 .debug_abbrev  0x00002075       0x7c d:/altera/12.1/nios2eds/bin/gnu/h-i686-mingw32/bin/../lib/gcc/nios2-elf/4.1.2/../../../../nios2-elf/lib/mno-hw-mul\libc.a(lib_a-memcmp.o)
 .debug_abbrev  0x000020f1       0xb5 d:/altera/12.1/nios2eds/bin/gnu/h-i686-mingw32/bin/../lib/gcc/nios2-elf/4.1.2/../../../../nios2-elf/lib/mno-hw-mul\libc.a(lib_a-memcpy.o)
 .debug_abbrev  0x000021a6       0x8b d:/altera/12.1/nios2eds/bin/gnu/h-i686-mingw32/bin/../lib/gcc/nios2-elf/4.1.2/../../../../nios2-elf/lib/mno-hw-mul\libc.a(lib_a-strlen.o)
 .debug_abbrev  0x00002231      0x1ae d:/altera/12.1/nios2eds/bin/gnu/h-i686-mingw32/bin/../lib/gcc/nios2-elf/4.1.2/../../../../nios2-elf/lib/mno-hw-mul\libc.a(lib_a-__atexit.o)
 .debug_abbrev  0x000023df      0x1de d:/altera/12.1/nios2eds/bin/gnu/h-i686-mingw32/bin/../lib/gcc/nios2-elf/4.1.2/../../../../nios2-elf/lib/mno-hw-mul\libc.a(lib_a-__call_atexit.o)
 .debug_abbrev  0x000025bd       0xe0 d:/altera/12.1/nios2eds/bin/gnu/h-i686-mingw32/bin/../lib/gcc/nios2-elf/4.1.2/mno-hw-mul\libgcc.a(lib2-divmod.o)
 .debug_abbrev  0x0000269d       0x7b d:/altera/12.1/nios2eds/bin/gnu/h-i686-mingw32/bin/../lib/gcc/nios2-elf/4.1.2/mno-hw-mul\libgcc.a(lib2-mul.o)
 .debug_abbrev  0x00002718       0x72 ../counter_bsp/\libhal_bsp.a(alt_exit.o)

.debug_line     0x00000000     0x6b09
 *(.debug_line)
 .debug_line    0x00000000       0x6c ../counter_bsp//obj/HAL/src/crt0.o
 .debug_line    0x0000006c      0x21b obj/default/counter.o
 .debug_line    0x00000287      0x211 ../counter_bsp/\libhal_bsp.a(alt_load.o)
 .debug_line    0x00000498      0x2c4 ../counter_bsp/\libhal_bsp.a(alt_main.o)
 .debug_line    0x0000075c      0x1f9 ../counter_bsp/\libhal_bsp.a(alt_usleep.o)
 .debug_line    0x00000955      0x2c1 ../counter_bsp/\libhal_bsp.a(alt_sys_init.o)
 .debug_line    0x00000c16      0x214 ../counter_bsp/\libhal_bsp.a(altera_avalon_jtag_uart_fd.o)
 .debug_line    0x00000e2a      0x4a5 ../counter_bsp/\libhal_bsp.a(altera_avalon_jtag_uart_init.o)
 .debug_line    0x000012cf      0x311 ../counter_bsp/\libhal_bsp.a(altera_avalon_jtag_uart_ioctl.o)
 .debug_line    0x000015e0      0x3f1 ../counter_bsp/\libhal_bsp.a(altera_avalon_jtag_uart_read.o)
 .debug_line    0x000019d1      0x3ff ../counter_bsp/\libhal_bsp.a(altera_avalon_jtag_uart_write.o)
 .debug_line    0x00001dd0      0x2ad ../counter_bsp/\libhal_bsp.a(altera_avalon_timer_sc.o)
 .debug_line    0x0000207d      0x2d6 ../counter_bsp/\libhal_bsp.a(alt_alarm_start.o)
 .debug_line    0x00002353      0x253 ../counter_bsp/\libhal_bsp.a(alt_busy_sleep.o)
 .debug_line    0x000025a6      0x293 ../counter_bsp/\libhal_bsp.a(alt_close.o)
 .debug_line    0x00002839      0x1af ../counter_bsp/\libhal_bsp.a(alt_dcache_flush_all.o)
 .debug_line    0x000029e8      0x24e ../counter_bsp/\libhal_bsp.a(alt_dev.o)
 .debug_line    0x00002c36      0x254 ../counter_bsp/\libhal_bsp.a(alt_dev_llist_insert.o)
 .debug_line    0x00002e8a       0x83 ../counter_bsp/\libhal_bsp.a(alt_do_ctors.o)
 .debug_line    0x00002f0d       0x83 ../counter_bsp/\libhal_bsp.a(alt_do_dtors.o)
 .debug_line    0x00002f90      0x1a4 ../counter_bsp/\libhal_bsp.a(alt_errno.o)
 .debug_line    0x00003134      0x1b7 ../counter_bsp/\libhal_bsp.a(alt_icache_flush_all.o)
 .debug_line    0x000032eb      0x2c2 ../counter_bsp/\libhal_bsp.a(alt_iic.o)
 .debug_line    0x000035ad      0x243 ../counter_bsp/\libhal_bsp.a(alt_iic_isr_register.o)
 .debug_line    0x000037f0      0x2ae ../counter_bsp/\libhal_bsp.a(alt_io_redirect.o)
 .debug_line    0x00003a9e       0x6b ../counter_bsp/\libhal_bsp.a(alt_irq_entry.o)
 .debug_line    0x00003b09      0x242 ../counter_bsp/\libhal_bsp.a(alt_irq_handler.o)
 .debug_line    0x00003d4b       0x72 ../counter_bsp/\libhal_bsp.a(alt_irq_vars.o)
 .debug_line    0x00003dbd      0x2f9 ../counter_bsp/\libhal_bsp.a(alt_open.o)
 .debug_line    0x000040b6       0xed ../counter_bsp/\libhal_bsp.a(alt_release_fd.o)
 .debug_line    0x000041a3      0x2d6 ../counter_bsp/\libhal_bsp.a(alt_tick.o)
 .debug_line    0x00004479      0x1c8 ../counter_bsp/\libhal_bsp.a(altera_nios2_qsys_irq.o)
 .debug_line    0x00004641       0xab ../counter_bsp/\libhal_bsp.a(alt_exception_entry.o)
 .debug_line    0x000046ec      0x265 ../counter_bsp/\libhal_bsp.a(alt_find_dev.o)
 .debug_line    0x00004951      0x276 ../counter_bsp/\libhal_bsp.a(alt_find_file.o)
 .debug_line    0x00004bc7      0x291 ../counter_bsp/\libhal_bsp.a(alt_get_fd.o)
 .debug_line    0x00004e58      0x1f3 ../counter_bsp/\libhal_bsp.a(alt_icache_flush.o)
 .debug_line    0x0000504b      0x1fd d:/altera/12.1/nios2eds/bin/gnu/h-i686-mingw32/bin/../lib/gcc/nios2-elf/4.1.2/../../../../nios2-elf/lib/mno-hw-mul\libc.a(lib_a-atexit.o)
 .debug_line    0x00005248      0x235 d:/altera/12.1/nios2eds/bin/gnu/h-i686-mingw32/bin/../lib/gcc/nios2-elf/4.1.2/../../../../nios2-elf/lib/mno-hw-mul\libc.a(lib_a-exit.o)
 .debug_line    0x0000547d      0x227 d:/altera/12.1/nios2eds/bin/gnu/h-i686-mingw32/bin/../lib/gcc/nios2-elf/4.1.2/../../../../nios2-elf/lib/mno-hw-mul\libc.a(lib_a-impure.o)
 .debug_line    0x000056a4      0x1dc d:/altera/12.1/nios2eds/bin/gnu/h-i686-mingw32/bin/../lib/gcc/nios2-elf/4.1.2/../../../../nios2-elf/lib/mno-hw-mul\libc.a(lib_a-int_errno.o)
 .debug_line    0x00005880      0x299 d:/altera/12.1/nios2eds/bin/gnu/h-i686-mingw32/bin/../lib/gcc/nios2-elf/4.1.2/../../../../nios2-elf/lib/mno-hw-mul\libc.a(lib_a-memcmp.o)
 .debug_line    0x00005b19      0x1ac d:/altera/12.1/nios2eds/bin/gnu/h-i686-mingw32/bin/../lib/gcc/nios2-elf/4.1.2/../../../../nios2-elf/lib/mno-hw-mul\libc.a(lib_a-memcpy.o)
 .debug_line    0x00005cc5      0x267 d:/altera/12.1/nios2eds/bin/gnu/h-i686-mingw32/bin/../lib/gcc/nios2-elf/4.1.2/../../../../nios2-elf/lib/mno-hw-mul\libc.a(lib_a-strlen.o)
 .debug_line    0x00005f2c      0x310 d:/altera/12.1/nios2eds/bin/gnu/h-i686-mingw32/bin/../lib/gcc/nios2-elf/4.1.2/../../../../nios2-elf/lib/mno-hw-mul\libc.a(lib_a-__atexit.o)
 .debug_line    0x0000623c      0x364 d:/altera/12.1/nios2eds/bin/gnu/h-i686-mingw32/bin/../lib/gcc/nios2-elf/4.1.2/../../../../nios2-elf/lib/mno-hw-mul\libc.a(lib_a-__call_atexit.o)
 .debug_line    0x000065a0      0x24f d:/altera/12.1/nios2eds/bin/gnu/h-i686-mingw32/bin/../lib/gcc/nios2-elf/4.1.2/mno-hw-mul\libgcc.a(lib2-divmod.o)
 .debug_line    0x000067ef      0x11a d:/altera/12.1/nios2eds/bin/gnu/h-i686-mingw32/bin/../lib/gcc/nios2-elf/4.1.2/mno-hw-mul\libgcc.a(lib2-mul.o)
 .debug_line    0x00006909      0x200 ../counter_bsp/\libhal_bsp.a(alt_exit.o)

.debug_frame    0x00000000      0x9a4
 *(.debug_frame)
 .debug_frame   0x00000000       0x2c obj/default/counter.o
 .debug_frame   0x0000002c       0x48 ../counter_bsp/\libhal_bsp.a(alt_load.o)
 .debug_frame   0x00000074       0x2c ../counter_bsp/\libhal_bsp.a(alt_main.o)
 .debug_frame   0x000000a0       0x2c ../counter_bsp/\libhal_bsp.a(alt_usleep.o)
 .debug_frame   0x000000cc       0x64 ../counter_bsp/\libhal_bsp.a(alt_sys_init.o)
 .debug_frame   0x00000130       0x80 ../counter_bsp/\libhal_bsp.a(altera_avalon_jtag_uart_fd.o)
 .debug_frame   0x000001b0       0x80 ../counter_bsp/\libhal_bsp.a(altera_avalon_jtag_uart_init.o)
 .debug_frame   0x00000230       0x2c ../counter_bsp/\libhal_bsp.a(altera_avalon_jtag_uart_ioctl.o)
 .debug_frame   0x0000025c       0x2c ../counter_bsp/\libhal_bsp.a(altera_avalon_jtag_uart_read.o)
 .debug_frame   0x00000288       0x2c ../counter_bsp/\libhal_bsp.a(altera_avalon_jtag_uart_write.o)
 .debug_frame   0x000002b4       0x48 ../counter_bsp/\libhal_bsp.a(altera_avalon_timer_sc.o)
 .debug_frame   0x000002fc       0x2c ../counter_bsp/\libhal_bsp.a(alt_alarm_start.o)
 .debug_frame   0x00000328       0x2c ../counter_bsp/\libhal_bsp.a(alt_busy_sleep.o)
 .debug_frame   0x00000354       0x48 ../counter_bsp/\libhal_bsp.a(alt_close.o)
 .debug_frame   0x0000039c       0x2c ../counter_bsp/\libhal_bsp.a(alt_dcache_flush_all.o)
 .debug_frame   0x000003c8       0x2c ../counter_bsp/\libhal_bsp.a(alt_dev.o)
 .debug_frame   0x000003f4       0x48 ../counter_bsp/\libhal_bsp.a(alt_dev_llist_insert.o)
 .debug_frame   0x0000043c       0x2c ../counter_bsp/\libhal_bsp.a(alt_do_ctors.o)
 .debug_frame   0x00000468       0x2c ../counter_bsp/\libhal_bsp.a(alt_do_dtors.o)
 .debug_frame   0x00000494       0x2c ../counter_bsp/\libhal_bsp.a(alt_icache_flush_all.o)
 .debug_frame   0x000004c0       0x80 ../counter_bsp/\libhal_bsp.a(alt_iic.o)
 .debug_frame   0x00000540       0x2c ../counter_bsp/\libhal_bsp.a(alt_iic_isr_register.o)
 .debug_frame   0x0000056c       0x4c ../counter_bsp/\libhal_bsp.a(alt_io_redirect.o)
 .debug_frame   0x000005b8       0x2c ../counter_bsp/\libhal_bsp.a(alt_irq_handler.o)
 .debug_frame   0x000005e4       0x68 ../counter_bsp/\libhal_bsp.a(alt_open.o)
 .debug_frame   0x0000064c       0x30 ../counter_bsp/\libhal_bsp.a(alt_release_fd.o)
 .debug_frame   0x0000067c       0x48 ../counter_bsp/\libhal_bsp.a(alt_tick.o)
 .debug_frame   0x000006c4       0x2c ../counter_bsp/\libhal_bsp.a(altera_nios2_qsys_irq.o)
 .debug_frame   0x000006f0       0x2c ../counter_bsp/\libhal_bsp.a(alt_find_dev.o)
 .debug_frame   0x0000071c       0x2c ../counter_bsp/\libhal_bsp.a(alt_find_file.o)
 .debug_frame   0x00000748       0x30 ../counter_bsp/\libhal_bsp.a(alt_get_fd.o)
 .debug_frame   0x00000778       0x2c ../counter_bsp/\libhal_bsp.a(alt_icache_flush.o)
 .debug_frame   0x000007a4       0x20 d:/altera/12.1/nios2eds/bin/gnu/h-i686-mingw32/bin/../lib/gcc/nios2-elf/4.1.2/../../../../nios2-elf/lib/mno-hw-mul\libc.a(lib_a-atexit.o)
 .debug_frame   0x000007c4       0x28 d:/altera/12.1/nios2eds/bin/gnu/h-i686-mingw32/bin/../lib/gcc/nios2-elf/4.1.2/../../../../nios2-elf/lib/mno-hw-mul\libc.a(lib_a-exit.o)
 .debug_frame   0x000007ec       0x20 d:/altera/12.1/nios2eds/bin/gnu/h-i686-mingw32/bin/../lib/gcc/nios2-elf/4.1.2/../../../../nios2-elf/lib/mno-hw-mul\libc.a(lib_a-memcmp.o)
 .debug_frame   0x0000080c       0x20 d:/altera/12.1/nios2eds/bin/gnu/h-i686-mingw32/bin/../lib/gcc/nios2-elf/4.1.2/../../../../nios2-elf/lib/mno-hw-mul\libc.a(lib_a-memcpy.o)
 .debug_frame   0x0000082c       0x20 d:/altera/12.1/nios2eds/bin/gnu/h-i686-mingw32/bin/../lib/gcc/nios2-elf/4.1.2/../../../../nios2-elf/lib/mno-hw-mul\libc.a(lib_a-strlen.o)
 .debug_frame   0x0000084c       0x34 d:/altera/12.1/nios2eds/bin/gnu/h-i686-mingw32/bin/../lib/gcc/nios2-elf/4.1.2/../../../../nios2-elf/lib/mno-hw-mul\libc.a(lib_a-__atexit.o)
 .debug_frame   0x00000880       0x4c d:/altera/12.1/nios2eds/bin/gnu/h-i686-mingw32/bin/../lib/gcc/nios2-elf/4.1.2/../../../../nios2-elf/lib/mno-hw-mul\libc.a(lib_a-__call_atexit.o)
 .debug_frame   0x000008cc       0x70 d:/altera/12.1/nios2eds/bin/gnu/h-i686-mingw32/bin/../lib/gcc/nios2-elf/4.1.2/mno-hw-mul\libgcc.a(lib2-divmod.o)
 .debug_frame   0x0000093c       0x20 d:/altera/12.1/nios2eds/bin/gnu/h-i686-mingw32/bin/../lib/gcc/nios2-elf/4.1.2/mno-hw-mul\libgcc.a(lib2-mul.o)
 .debug_frame   0x0000095c       0x48 ../counter_bsp/\libhal_bsp.a(alt_exit.o)

.debug_str      0x00000000      0xc4d
 *(.debug_str)
 .debug_str     0x00000000       0x12 obj/default/counter.o
 .debug_str     0x00000012       0x12 ../counter_bsp/\libhal_bsp.a(alt_load.o)
 .debug_str     0x00000024       0x12 ../counter_bsp/\libhal_bsp.a(alt_main.o)
 .debug_str     0x00000036       0x12 ../counter_bsp/\libhal_bsp.a(alt_usleep.o)
 .debug_str     0x00000048       0x12 ../counter_bsp/\libhal_bsp.a(alt_sys_init.o)
 .debug_str     0x0000005a       0x12 ../counter_bsp/\libhal_bsp.a(altera_avalon_jtag_uart_fd.o)
 .debug_str     0x0000006c       0x1a ../counter_bsp/\libhal_bsp.a(altera_avalon_jtag_uart_init.o)
 .debug_str     0x00000086       0x12 ../counter_bsp/\libhal_bsp.a(altera_avalon_jtag_uart_ioctl.o)
 .debug_str     0x00000098       0x1a ../counter_bsp/\libhal_bsp.a(altera_avalon_jtag_uart_read.o)
 .debug_str     0x000000b2       0x1a ../counter_bsp/\libhal_bsp.a(altera_avalon_jtag_uart_write.o)
 .debug_str     0x000000cc       0x12 ../counter_bsp/\libhal_bsp.a(altera_avalon_timer_sc.o)
 .debug_str     0x000000de       0x23 ../counter_bsp/\libhal_bsp.a(alt_alarm_start.o)
 .debug_str     0x00000101       0x12 ../counter_bsp/\libhal_bsp.a(alt_busy_sleep.o)
 .debug_str     0x00000113       0x12 ../counter_bsp/\libhal_bsp.a(alt_close.o)
 .debug_str     0x00000125       0x12 ../counter_bsp/\libhal_bsp.a(alt_dcache_flush_all.o)
 .debug_str     0x00000137       0x12 ../counter_bsp/\libhal_bsp.a(alt_dev.o)
 .debug_str     0x00000149       0x12 ../counter_bsp/\libhal_bsp.a(alt_dev_llist_insert.o)
 .debug_str     0x0000015b       0x12 ../counter_bsp/\libhal_bsp.a(alt_errno.o)
 .debug_str     0x0000016d       0x12 ../counter_bsp/\libhal_bsp.a(alt_icache_flush_all.o)
 .debug_str     0x0000017f       0x18 ../counter_bsp/\libhal_bsp.a(alt_iic.o)
 .debug_str     0x00000197       0x1a ../counter_bsp/\libhal_bsp.a(alt_iic_isr_register.o)
 .debug_str     0x000001b1       0x12 ../counter_bsp/\libhal_bsp.a(alt_io_redirect.o)
 .debug_str     0x000001c3       0x12 ../counter_bsp/\libhal_bsp.a(alt_irq_handler.o)
 .debug_str     0x000001d5       0x12 ../counter_bsp/\libhal_bsp.a(alt_open.o)
 .debug_str     0x000001e7       0x1a ../counter_bsp/\libhal_bsp.a(alt_tick.o)
 .debug_str     0x00000201       0x12 ../counter_bsp/\libhal_bsp.a(altera_nios2_qsys_irq.o)
 .debug_str     0x00000213       0x12 ../counter_bsp/\libhal_bsp.a(alt_find_dev.o)
 .debug_str     0x00000225       0x12 ../counter_bsp/\libhal_bsp.a(alt_find_file.o)
 .debug_str     0x00000237       0x12 ../counter_bsp/\libhal_bsp.a(alt_get_fd.o)
 .debug_str     0x00000249       0x12 ../counter_bsp/\libhal_bsp.a(alt_icache_flush.o)
 .debug_str     0x0000025b      0x184 d:/altera/12.1/nios2eds/bin/gnu/h-i686-mingw32/bin/../lib/gcc/nios2-elf/4.1.2/../../../../nios2-elf/lib/mno-hw-mul\libc.a(lib_a-atexit.o)
                                0x1ca (size before relaxing)
 .debug_str     0x000003df      0x387 d:/altera/12.1/nios2eds/bin/gnu/h-i686-mingw32/bin/../lib/gcc/nios2-elf/4.1.2/../../../../nios2-elf/lib/mno-hw-mul\libc.a(lib_a-exit.o)
                                0x517 (size before relaxing)
 .debug_str     0x00000766       0xdc d:/altera/12.1/nios2eds/bin/gnu/h-i686-mingw32/bin/../lib/gcc/nios2-elf/4.1.2/../../../../nios2-elf/lib/mno-hw-mul\libc.a(lib_a-impure.o)
                                0x525 (size before relaxing)
 .debug_str     0x00000842       0x40 d:/altera/12.1/nios2eds/bin/gnu/h-i686-mingw32/bin/../lib/gcc/nios2-elf/4.1.2/../../../../nios2-elf/lib/mno-hw-mul\libc.a(lib_a-int_errno.o)
                                0x16e (size before relaxing)
 .debug_str     0x00000882       0xe0 d:/altera/12.1/nios2eds/bin/gnu/h-i686-mingw32/bin/../lib/gcc/nios2-elf/4.1.2/../../../../nios2-elf/lib/mno-hw-mul\libc.a(lib_a-memcmp.o)
                                0x175 (size before relaxing)
 .debug_str     0x00000962       0x6c d:/altera/12.1/nios2eds/bin/gnu/h-i686-mingw32/bin/../lib/gcc/nios2-elf/4.1.2/../../../../nios2-elf/lib/mno-hw-mul\libc.a(lib_a-memcpy.o)
                                0x133 (size before relaxing)
 .debug_str     0x000009ce       0x52 d:/altera/12.1/nios2eds/bin/gnu/h-i686-mingw32/bin/../lib/gcc/nios2-elf/4.1.2/../../../../nios2-elf/lib/mno-hw-mul\libc.a(lib_a-strlen.o)
                                0x188 (size before relaxing)
 .debug_str     0x00000a20       0x54 d:/altera/12.1/nios2eds/bin/gnu/h-i686-mingw32/bin/../lib/gcc/nios2-elf/4.1.2/../../../../nios2-elf/lib/mno-hw-mul\libc.a(lib_a-__atexit.o)
                                0x52f (size before relaxing)
 .debug_str     0x00000a74       0x7e d:/altera/12.1/nios2eds/bin/gnu/h-i686-mingw32/bin/../lib/gcc/nios2-elf/4.1.2/../../../../nios2-elf/lib/mno-hw-mul\libc.a(lib_a-__call_atexit.o)
                                0x559 (size before relaxing)
 .debug_str     0x00000af2      0x108 d:/altera/12.1/nios2eds/bin/gnu/h-i686-mingw32/bin/../lib/gcc/nios2-elf/4.1.2/mno-hw-mul\libgcc.a(lib2-divmod.o)
                                0x1b1 (size before relaxing)
 .debug_str     0x00000bfa       0x37 d:/altera/12.1/nios2eds/bin/gnu/h-i686-mingw32/bin/../lib/gcc/nios2-elf/4.1.2/mno-hw-mul\libgcc.a(lib2-mul.o)
                                0x172 (size before relaxing)
 .debug_str     0x00000c31       0x1c ../counter_bsp/\libhal_bsp.a(alt_exit.o)

.debug_loc      0x00000000     0x1068
 *(.debug_loc)
 .debug_loc     0x00000000       0x2b obj/default/counter.o
 .debug_loc     0x0000002b       0x56 ../counter_bsp/\libhal_bsp.a(alt_load.o)
 .debug_loc     0x00000081       0x2b ../counter_bsp/\libhal_bsp.a(alt_main.o)
 .debug_loc     0x000000ac       0x2b ../counter_bsp/\libhal_bsp.a(alt_usleep.o)
 .debug_loc     0x000000d7       0x81 ../counter_bsp/\libhal_bsp.a(alt_sys_init.o)
 .debug_loc     0x00000158       0xac ../counter_bsp/\libhal_bsp.a(altera_avalon_jtag_uart_fd.o)
 .debug_loc     0x00000204       0xac ../counter_bsp/\libhal_bsp.a(altera_avalon_jtag_uart_init.o)
 .debug_loc     0x000002b0       0x2b ../counter_bsp/\libhal_bsp.a(altera_avalon_jtag_uart_ioctl.o)
 .debug_loc     0x000002db       0x2b ../counter_bsp/\libhal_bsp.a(altera_avalon_jtag_uart_read.o)
 .debug_loc     0x00000306       0x2b ../counter_bsp/\libhal_bsp.a(altera_avalon_jtag_uart_write.o)
 .debug_loc     0x00000331       0x56 ../counter_bsp/\libhal_bsp.a(altera_avalon_timer_sc.o)
 .debug_loc     0x00000387       0x2b ../counter_bsp/\libhal_bsp.a(alt_alarm_start.o)
 .debug_loc     0x000003b2       0x2b ../counter_bsp/\libhal_bsp.a(alt_busy_sleep.o)
 .debug_loc     0x000003dd       0x56 ../counter_bsp/\libhal_bsp.a(alt_close.o)
 .debug_loc     0x00000433       0x2b ../counter_bsp/\libhal_bsp.a(alt_dcache_flush_all.o)
 .debug_loc     0x0000045e       0x2b ../counter_bsp/\libhal_bsp.a(alt_dev.o)
 .debug_loc     0x00000489       0x56 ../counter_bsp/\libhal_bsp.a(alt_dev_llist_insert.o)
 .debug_loc     0x000004df       0x2b ../counter_bsp/\libhal_bsp.a(alt_do_ctors.o)
 .debug_loc     0x0000050a       0x2b ../counter_bsp/\libhal_bsp.a(alt_do_dtors.o)
 .debug_loc     0x00000535       0x2b ../counter_bsp/\libhal_bsp.a(alt_icache_flush_all.o)
 .debug_loc     0x00000560       0xac ../counter_bsp/\libhal_bsp.a(alt_iic.o)
 .debug_loc     0x0000060c       0x2b ../counter_bsp/\libhal_bsp.a(alt_iic_isr_register.o)
 .debug_loc     0x00000637       0x56 ../counter_bsp/\libhal_bsp.a(alt_io_redirect.o)
 .debug_loc     0x0000068d       0x2b ../counter_bsp/\libhal_bsp.a(alt_irq_handler.o)
 .debug_loc     0x000006b8       0x81 ../counter_bsp/\libhal_bsp.a(alt_open.o)
 .debug_loc     0x00000739       0x2b ../counter_bsp/\libhal_bsp.a(alt_release_fd.o)
 .debug_loc     0x00000764       0x56 ../counter_bsp/\libhal_bsp.a(alt_tick.o)
 .debug_loc     0x000007ba       0x2b ../counter_bsp/\libhal_bsp.a(altera_nios2_qsys_irq.o)
 .debug_loc     0x000007e5       0x2b ../counter_bsp/\libhal_bsp.a(alt_find_dev.o)
 .debug_loc     0x00000810       0x2b ../counter_bsp/\libhal_bsp.a(alt_find_file.o)
 .debug_loc     0x0000083b       0x2b ../counter_bsp/\libhal_bsp.a(alt_get_fd.o)
 .debug_loc     0x00000866       0x2b ../counter_bsp/\libhal_bsp.a(alt_icache_flush.o)
 .debug_loc     0x00000891       0x1e d:/altera/12.1/nios2eds/bin/gnu/h-i686-mingw32/bin/../lib/gcc/nios2-elf/4.1.2/../../../../nios2-elf/lib/mno-hw-mul\libc.a(lib_a-atexit.o)
 .debug_loc     0x000008af       0x3d d:/altera/12.1/nios2eds/bin/gnu/h-i686-mingw32/bin/../lib/gcc/nios2-elf/4.1.2/../../../../nios2-elf/lib/mno-hw-mul\libc.a(lib_a-exit.o)
 .debug_loc     0x000008ec      0x114 d:/altera/12.1/nios2eds/bin/gnu/h-i686-mingw32/bin/../lib/gcc/nios2-elf/4.1.2/../../../../nios2-elf/lib/mno-hw-mul\libc.a(lib_a-memcmp.o)
 .debug_loc     0x00000a00       0xca d:/altera/12.1/nios2eds/bin/gnu/h-i686-mingw32/bin/../lib/gcc/nios2-elf/4.1.2/../../../../nios2-elf/lib/mno-hw-mul\libc.a(lib_a-memcpy.o)
 .debug_loc     0x00000aca       0x3c d:/altera/12.1/nios2eds/bin/gnu/h-i686-mingw32/bin/../lib/gcc/nios2-elf/4.1.2/../../../../nios2-elf/lib/mno-hw-mul\libc.a(lib_a-strlen.o)
 .debug_loc     0x00000b06      0x120 d:/altera/12.1/nios2eds/bin/gnu/h-i686-mingw32/bin/../lib/gcc/nios2-elf/4.1.2/../../../../nios2-elf/lib/mno-hw-mul\libc.a(lib_a-__atexit.o)
 .debug_loc     0x00000c26      0x1cb d:/altera/12.1/nios2eds/bin/gnu/h-i686-mingw32/bin/../lib/gcc/nios2-elf/4.1.2/../../../../nios2-elf/lib/mno-hw-mul\libc.a(lib_a-__call_atexit.o)
 .debug_loc     0x00000df1      0x1d2 d:/altera/12.1/nios2eds/bin/gnu/h-i686-mingw32/bin/../lib/gcc/nios2-elf/4.1.2/mno-hw-mul\libgcc.a(lib2-divmod.o)
 .debug_loc     0x00000fc3       0x4f d:/altera/12.1/nios2eds/bin/gnu/h-i686-mingw32/bin/../lib/gcc/nios2-elf/4.1.2/mno-hw-mul\libgcc.a(lib2-mul.o)
 .debug_loc     0x00001012       0x56 ../counter_bsp/\libhal_bsp.a(alt_exit.o)

.debug_macinfo
 *(.debug_macinfo)

.debug_weaknames
 *(.debug_weaknames)

.debug_funcnames
 *(.debug_funcnames)

.debug_typenames
 *(.debug_typenames)

.debug_varnames
 *(.debug_varnames)

.debug_alt_sim_info
                0x00000000       0x50
 *(.debug_alt_sim_info)
 .debug_alt_sim_info
                0x00000000       0x20 ../counter_bsp//obj/HAL/src/crt0.o
 .debug_alt_sim_info
                0x00000020       0x30 ../counter_bsp/\libhal_bsp.a(alt_busy_sleep.o)
                0x00080000                __alt_data_end = 0x80000
                0x00080000                PROVIDE (__alt_stack_pointer, __alt_data_end)
                0x000458f0                PROVIDE (__alt_stack_limit, __alt_stack_base)
                0x000458f0                PROVIDE (__alt_heap_start, end)
                0x00080000                PROVIDE (__alt_heap_limit, 0x80000)
OUTPUT(counter.elf elf32-littlenios2)

.debug_ranges   0x00000000       0x90
 .debug_ranges  0x00000000       0x20 ../counter_bsp//obj/HAL/src/crt0.o
 .debug_ranges  0x00000020       0x28 ../counter_bsp/\libhal_bsp.a(alt_irq_entry.o)
 .debug_ranges  0x00000048       0x30 ../counter_bsp/\libhal_bsp.a(alt_exception_entry.o)
 .debug_ranges  0x00000078       0x18 d:/altera/12.1/nios2eds/bin/gnu/h-i686-mingw32/bin/../lib/gcc/nios2-elf/4.1.2/../../../../nios2-elf/lib/mno-hw-mul\libc.a(lib_a-__call_atexit.o)
